


ARM Macro Assembler    Page 1 


    1 00000000                 AREA             text, CODE, READONLY
    2 00000000         
    3 00000000         ; function asm_math
    4 00000000         ; inputs:
    5 00000000         ;   R0 : pointer to input array
    6 00000000         ;   R1 : pointer to output array
    7 00000000         ;   R2 : length of input array
    8 00000000         ; output: 
    9 00000000         ; float32_t[5] = [min, max, index_min, index_max, rms]
   10 00000000         
   11 00000000         
   12 00000000         
   13 00000000         asm_math
                               PROC
   14 00000000                 EXPORT           asm_math
   15 00000000         
   16 00000000 B568            PUSH             {R3, R5, R6, LR} ;
   17 00000002 F04F 0300       LDR              R3, = 0     ; R5 = loop counter
                                                            
   18 00000006 F04F 0500       LDR              R5, = 0     ; R6 = max_index
   19 0000000A F04F 0600       LDR              R6, = 0     ; R7 = min_index
   20 0000000E         
   21 0000000E EE30 0A40       VSUB.F32         S0, S0, S0  ; S0 = RMS = 0
   22 00000012 EC90 1A01       VLDM.F32         R0, {S2}    ; max_value = R0
   23 00000016 ECD0 0A01       VLDM.F32         R0, {S1}    ; Initialize =  R0
   24 0000001A EE72 2AE2       VSUB.F32         S5, S5, S5  ; COUNTER = 0 
   25 0000001E EEB7 3A00       VMOV.F32         S6, #0x3f800000 ; 
   26 00000022         loop                                 ;LOOP UNTIL INDEX C
                                                            OUNTER = LENGTH OF 
                                                            INPUT
   27 00000022 429A            CMP              R2, R3      ; 
   28 00000024 D020            BEQ              exit        ; STOP WHEN COUNTER
                                                             = LENGTH
   29 00000026         
   30 00000026 EC90 2A01       VLDM.F32         R0, {S4}    ; UPDATE S4 WITH CU
                                                            RR_VAL
   31 0000002A EEA2 0A02       VFMA.F32         S0, S4, S4  ; UPDATE RSM WITH C
                                                            URR_VAL^2
   32 0000002E         
   33 0000002E         
   34 0000002E         ;=======MAX=======
   35 0000002E EEB4 2A41       VCMP.F32         S4, S2      ;     ; COMPARE MAX
                                                            _VAL & CURR_VAL
   36 00000032 EEF1 FA10       VMRS             APSR_nzcv, FPSCR ;
   37 00000036 BFC2 461D       MOVGT            R5, R3      ; UPDATE MAX_INDEX
   38 0000003A EEB0 4A62       VMOVGT.F32       S8, S5      ;     ; UPDATE MAX_
                                                            VAL
   39 0000003E EEB0 1A42       VMOVGT.F32       S2, S4      ;     ; UPDATE MAX_
                                                            VAL
   40 00000042         
   41 00000042         ;=======MIN=======
   42 00000042 EEB4 2A60       VCMP.F32         S4, S1      ; COMPARE MIN_VAL &
                                                             CURR_VAL
   43 00000046 EEF1 FA10       VMRS             APSR_nzcv, FPSCR ;
   44 0000004A BFB8 461E       MOVLT            R6, R3      ;     ; UPDATE MIN_
                                                            INDEX
   45 0000004E BFC8 EEF0 
              3A62             VMOVGT.F32       S7, S5      ;     ; UPDATE MAX_
                                                            VAL



ARM Macro Assembler    Page 2 


   46 00000054 BFB8 EEF0 
              0A42             VMOVLT.F32       S1, S4      ;     ; UPDATE MIN_
                                                            VAL
   47 0000005A         
   48 0000005A         ; ======ITERATE THROUGH THE LOOP ======
   49 0000005A F100 0004       ADD              R0, R0, #4
   50 0000005E F103 0301       ADD              R3, R3, #1
   51 00000062 EE72 2A83       VADD.F32         S5, S5, S6  ; INCREMENT S5 COUN
                                                            TER
   52 00000066         
   53 00000066 E7DC            B                loop
   54 00000068         exit
   55 00000068         
   56 00000068 EE80 0A22       VDIV.F32         S0, S0, S5  ;   ; GET RMS VALUE
                                                             --> RMS = RMS / LE
                                                            NGTH
   57 0000006C EEB1 0AC0       VSQRT.F32        S0, S0      ;     ; GET FINAL R
                                                            MS VALUE --> RMS = 
                                                            sqrt(RMS)
   58 00000070 EDC1 0A00       VSTR.F32         S1, [R1]    ; STORE MIN VALUE I
                                                            N OUTPUT VECTOR
   59 00000074 ED81 1A01       VSTR.F32         S2, [R1, #4] ; STORE MAX VALUE 
                                                            IN OUTPUT VECTOR
   60 00000078 EDC1 3A02       VSTR.F32         S7, [R1, #8] ; STORE MIN_IDX VA
                                                            LUE IN OUTPUT VECTO
                                                            R
   61 0000007C ED81 4A03       VSTR.F32         S8, [R1, #12] ; STORE MAX_IDX V
                                                            ALUE IN OUTPUT VECT
                                                            OR
   62 00000080 ED81 0A04       VSTR.F32         S0, [R1, #16] ; STORE RMS VALUE
                                                             IN OUTPUT VECTOR
   63 00000084         
   64 00000084 E8BD 4068       POP              {R3, R5, R6, LR} ; 
   65 00000088 4770            BX               LR          ;       ; RETURN TO
                                                             BRANCH ADDRESS
   66 0000008A                 ENDP
   67 0000008A                 END
Command Line: --debug --xref --diag_suppress=9931 --cpu=Cortex-M4.fp --apcs=int
erwork --depend=.\objects\assembly.d -o.\objects\assembly.o -IP:\ECSE426\LAB1_2
\RTE -IC:\Keil_v5\ARM\PACK\ARM\CMSIS\5.0.0-Beta4\CMSIS\Include -IC:\Keil_v5\ARM
\PACK\Keil\STM32F4xx_DFP\2.7.0\Drivers\CMSIS\Device\ST\STM32F4xx\Include -IC:\K
eil_v5\ARM\PACK\Keil\STM32F4xx_DFP\2.11.0\Drivers\CMSIS\Device\ST\STM32F4xx\Inc
lude --predefine="__UVISION_VERSION SETA 515" --predefine="_RTE_ SETA 1" --pred
efine="STM32F407xx SETA 1" --list=.\listings\assembly.lst Assembly.s



ARM Macro Assembler    Page 1 Alphabetic symbol ordering
Relocatable symbols

asm_math 00000000

Symbol: asm_math
   Definitions
      At line 13 in file Assembly.s
   Uses
      At line 14 in file Assembly.s
Comment: asm_math used once
exit 00000068

Symbol: exit
   Definitions
      At line 54 in file Assembly.s
   Uses
      At line 28 in file Assembly.s
Comment: exit used once
loop 00000022

Symbol: loop
   Definitions
      At line 26 in file Assembly.s
   Uses
      At line 53 in file Assembly.s
Comment: loop used once
text 00000000

Symbol: text
   Definitions
      At line 1 in file Assembly.s
   Uses
      None
Comment: text unused
4 symbols
338 symbols in table
