Component: ARM Compiler 5.05 update 2 (build 169) Tool: armlink [4d0f33]

==============================================================================

Section Cross References

    main.o(.text) refers to _printf_percent.o(.ARM.Collect$$_printf_percent$$00000000) for _printf_percent
    main.o(.text) refers to _printf_f.o(.ARM.Collect$$_printf_percent$$00000003) for _printf_f
    main.o(.text) refers to printf1.o(x$fpl$printf1) for _printf_fp_dec
    main.o(.text) refers to _printf_d.o(.ARM.Collect$$_printf_percent$$00000009) for _printf_d
    main.o(.text) refers to _printf_dec.o(.text) for _printf_int_dec
    main.o(.text) refers to noretval__2printf.o(.text) for __2printf
    main.o(.text) refers to f2d.o(x$fpl$f2d) for __aeabi_f2d
    main.o(.text) refers to assembly.o(text) for asm_math
    main.o(.text) refers to sqrt_full.o(i.__hardfp_sqrt) for __hardfp_sqrt
    main.o(.text) refers to d2f_clz.o(x$fpl$d2f) for __aeabi_d2f
    main.o(.text) refers to arm_rms_f32.o(.text) for arm_rms_f32
    main.o(.text) refers to arm_max_f32.o(.text) for arm_max_f32
    main.o(.text) refers to arm_min_f32.o(.text) for arm_min_f32
    main.o(.text) refers to main.o(.data) for coeff_len
    startup_stm32f407xx.o(STACK) refers (Special) to heapauxi.o(.text) for __use_two_region_memory
    startup_stm32f407xx.o(HEAP) refers (Special) to heapauxi.o(.text) for __use_two_region_memory
    startup_stm32f407xx.o(RESET) refers (Special) to heapauxi.o(.text) for __use_two_region_memory
    startup_stm32f407xx.o(RESET) refers to startup_stm32f407xx.o(STACK) for __initial_sp
    startup_stm32f407xx.o(RESET) refers to startup_stm32f407xx.o(.text) for Reset_Handler
    startup_stm32f407xx.o(.text) refers (Special) to heapauxi.o(.text) for __use_two_region_memory
    startup_stm32f407xx.o(.text) refers to system_stm32f4xx.o(.text) for SystemInit
    startup_stm32f407xx.o(.text) refers to __main.o(!!!main) for __main
    startup_stm32f407xx.o(.text) refers to startup_stm32f407xx.o(HEAP) for Heap_Mem
    startup_stm32f407xx.o(.text) refers to startup_stm32f407xx.o(STACK) for Stack_Mem
    system_stm32f4xx.o(.text) refers to system_stm32f4xx.o(.data) for SystemCoreClock
    system_stm32f4xx.o(.text) refers to system_stm32f4xx.o(.constdata) for AHBPrescTable
    __2printf.o(.text) refers to _printf_char_file.o(.text) for _printf_char_file
    __2printf.o(.text) refers to stdio_streams.o(.bss) for __stdout
    noretval__2printf.o(.text) refers to _printf_char_file.o(.text) for _printf_char_file
    noretval__2printf.o(.text) refers to stdio_streams.o(.bss) for __stdout
    __printf.o(.text) refers to _printf_percent.o(.ARM.Collect$$_printf_percent$$00000000) for _printf_percent
    _printf_dec.o(.text) refers to _printf_intcommon.o(.text) for _printf_int_common
    __printf_flags.o(.text) refers to _printf_percent.o(.ARM.Collect$$_printf_percent$$00000000) for _printf_percent
    __printf_flags.o(.text) refers to __printf_flags.o(.constdata) for .constdata
    __printf_ss.o(.text) refers to _printf_percent.o(.ARM.Collect$$_printf_percent$$00000000) for _printf_percent
    __printf_flags_ss.o(.text) refers to _printf_percent.o(.ARM.Collect$$_printf_percent$$00000000) for _printf_percent
    __printf_flags_ss.o(.text) refers to __printf_flags_ss.o(.constdata) for .constdata
    __printf_wp.o(.text) refers to __printf_wp.o(i._is_digit) for _is_digit
    __printf_wp.o(.text) refers to _printf_percent.o(.ARM.Collect$$_printf_percent$$00000000) for _printf_percent
    __printf_flags_wp.o(.text) refers to __printf_wp.o(i._is_digit) for _is_digit
    __printf_flags_wp.o(.text) refers to _printf_percent.o(.ARM.Collect$$_printf_percent$$00000000) for _printf_percent
    __printf_flags_wp.o(.text) refers to __printf_flags_wp.o(.constdata) for .constdata
    __printf_ss_wp.o(.text) refers to __printf_wp.o(i._is_digit) for _is_digit
    __printf_ss_wp.o(.text) refers to _printf_percent.o(.ARM.Collect$$_printf_percent$$00000000) for _printf_percent
    __printf_flags_ss_wp.o(.text) refers to __printf_wp.o(i._is_digit) for _is_digit
    __printf_flags_ss_wp.o(.text) refers to _printf_percent.o(.ARM.Collect$$_printf_percent$$00000000) for _printf_percent
    __printf_flags_ss_wp.o(.text) refers to __printf_flags_ss_wp.o(.constdata) for .constdata
    _printf_d.o(.ARM.Collect$$_printf_percent$$00000009) refers (Weak) to _printf_dec.o(.text) for _printf_int_dec
    _printf_f.o(.ARM.Collect$$_printf_percent$$00000003) refers (Weak) to printf1.o(x$fpl$printf1) for _printf_fp_dec
    _printf_percent.o(.ARM.Collect$$_printf_percent$$00000000) refers (Special) to _printf_percent_end.o(.ARM.Collect$$_printf_percent$$00000017) for _printf_percent_end
    __main.o(!!!main) refers to __rtentry.o(.ARM.Collect$$rtentry$$00000000) for __rt_entry
    d2f_clz.o(x$fpl$d2f) refers (Special) to usenofp.o(x$fpl$usenofp) for __I$use$fp
    d2f_clz.o(x$fpl$d2f) refers to except.o(x$fpl$exception) for __fpl_exception
[...]
    ../clib/btod.s                           0x00000000   Number         0  btod.o ABSOLUTE
    ../clib/fenv.c                           0x00000000   Number         0  _rserrno.o ABSOLUTE
    ../clib/fenv.c                           0x00000000   Number         0  _fptrap.o ABSOLUTE
    ../clib/heap1.c                          0x00000000   Number         0  h1_init.o ABSOLUTE
    ../clib/heap1.c                          0x00000000   Number         0  h1_extend.o ABSOLUTE
    ../clib/heap1.c                          0x00000000   Number         0  h1_alloc_mt.o ABSOLUTE
    ../clib/heap1.c                          0x00000000   Number         0  h1_final.o ABSOLUTE
    ../clib/heap1.c                          0x00000000   Number         0  h1_final_mt.o ABSOLUTE
    ../clib/heap1.c                          0x00000000   Number         0  h1_extend_mt.o ABSOLUTE
    ../clib/heap1.c                          0x00000000   Number         0  h1_free.o ABSOLUTE
    ../clib/heap1.c                          0x00000000   Number         0  h1_alloc.o ABSOLUTE
    ../clib/heap1.c                          0x00000000   Number         0  h1_free_mt.o ABSOLUTE
    ../clib/heap1.c                          0x00000000   Number         0  h1_init_mt.o ABSOLUTE
    ../clib/heap2.c                          0x00000000   Number         0  heap2.o ABSOLUTE
    ../clib/heap2.c                          0x00000000   Number         0  heap2mt.o ABSOLUTE
    ../clib/heap2.c                          0x00000000   Number         0  fdtree.o ABSOLUTE
    ../clib/heapalloc.c                      0x00000000   Number         0  maybetermalloc2.o ABSOLUTE
    ../clib/heapalloc.c                      0x00000000   Number         0  term_alloc.o ABSOLUTE
    ../clib/heapalloc.c                      0x00000000   Number         0  maybetermalloc1.o ABSOLUTE
    ../clib/heapalloc.c                      0x00000000   Number         0  maybetermalloc1.o ABSOLUTE
    ../clib/heapalloc.c                      0x00000000   Number         0  heapstubs.o ABSOLUTE
    ../clib/heapalloc.c                      0x00000000   Number         0  malloc.o ABSOLUTE
    ../clib/heapalloc.c                      0x00000000   Number         0  init_alloc.o ABSOLUTE
    ../clib/heapalloc.c                      0x00000000   Number         0  hguard.o ABSOLUTE
    ../clib/heapalloc.c                      0x00000000   Number         0  maybetermalloc2.o ABSOLUTE
    ../clib/heapalloc.c                      0x00000000   Number         0  free.o ABSOLUTE
    ../clib/heapalloc.c                      0x00000000   Number         0  hrguard.o ABSOLUTE
    ../clib/heapaux.c                        0x00000000   Number         0  heapauxi.o ABSOLUTE
    ../clib/heapaux.c                        0x00000000   Number         0  heapauxa.o ABSOLUTE
    ../clib/libinit.s                        0x00000000   Number         0  libshutdown.o ABSOLUTE
    ../clib/libinit.s                        0x00000000   Number         0  libshutdown2.o ABSOLUTE
    ../clib/libinit.s                        0x00000000   Number         0  libinit2.o ABSOLUTE
    ../clib/libinit.s                        0x00000000   Number         0  libinit.o ABSOLUTE
    ../clib/locale.s                         0x00000000   Number         0  lc_numeric_c.o ABSOLUTE
    ../clib/longlong.s                       0x00000000   Number         0  lludiv10.o ABSOLUTE
    ../clib/memcpset.s                       0x00000000   Number         0  rt_memclr_w.o ABSOLUTE
    ../clib/memcpset.s                       0x00000000   Number         0  rt_memcpy_w.o ABSOLUTE
    ../clib/memcpset.s                       0x00000000   Number         0  strcmpv7m.o ABSOLUTE
    ../clib/printf.c                         0x00000000   Number         0  __printf_flags_wp.o ABSOLUTE
    ../clib/printf.c                         0x00000000   Number         0  __printf_flags_ss.o ABSOLUTE
    ../clib/printf.c                         0x00000000   Number         0  __printf_ss.o ABSOLUTE
    ../clib/printf.c                         0x00000000   Number         0  __printf_flags.o ABSOLUTE
    ../clib/printf.c                         0x00000000   Number         0  _printf_dec.o ABSOLUTE
    ../clib/printf.c                         0x00000000   Number         0  _printf_char_file.o ABSOLUTE
    ../clib/printf.c                         0x00000000   Number         0  _printf_fp_dec.o ABSOLUTE
    ../clib/printf.c                         0x00000000   Number         0  __printf.o ABSOLUTE
    ../clib/printf.c                         0x00000000   Number         0  __printf_flags_ss_wp.o ABSOLUTE
    ../clib/printf.c                         0x00000000   Number         0  _printf_char_common.o ABSOLUTE
    ../clib/printf.c                         0x00000000   Number         0  noretval__2printf.o ABSOLUTE
    ../clib/printf.c                         0x00000000   Number         0  __2printf.o ABSOLUTE
    ../clib/printf.c                         0x00000000   Number         0  _printf_fp_infnan.o ABSOLUTE
    ../clib/printf.c                         0x00000000   Number         0  _printf_intcommon.o ABSOLUTE
    ../clib/printf.c                         0x00000000   Number         0  __printf_wp.o ABSOLUTE
    ../clib/printf.c                         0x00000000   Number         0  __printf_ss_wp.o ABSOLUTE
    ../clib/printf.c                         0x00000000   Number         0  __printf_nopercent.o ABSOLUTE
    ../clib/printf_percent.s                 0x00000000   Number         0  _printf_f.o ABSOLUTE
    ../clib/printf_percent.s                 0x00000000   Number         0  _printf_percent.o ABSOLUTE
    ../clib/printf_percent.s                 0x00000000   Number         0  _printf_d.o ABSOLUTE
    ../clib/printf_percent.s                 0x00000000   Number         0  _printf_percent_end.o ABSOLUTE
    ../clib/signal.c                         0x00000000   Number         0  defsig_general.o ABSOLUTE
    ../clib/signal.c                         0x00000000   Number         0  __raise.o ABSOLUTE
    ../clib/signal.c                         0x00000000   Number         0  defsig_abrt_inner.o ABSOLUTE
    ../clib/signal.c                         0x00000000   Number         0  defsig_rtred_inner.o ABSOLUTE
    ../clib/signal.c                         0x00000000   Number         0  defsig_fpe_inner.o ABSOLUTE
    ../clib/signal.c                         0x00000000   Number         0  defsig_exit.o ABSOLUTE
    ../clib/signal.c                         0x00000000   Number         0  defsig_other.o ABSOLUTE
    ../clib/signal.c                         0x00000000   Number         0  defsig_segv_inner.o ABSOLUTE
    ../clib/signal.c                         0x00000000   Number         0  defsig_cppl_inner.o ABSOLUTE
    ../clib/signal.c                         0x00000000   Number         0  defsig_pvfn_inner.o ABSOLUTE
    ../clib/signal.c                         0x00000000   Number         0  defsig_stak_inner.o ABSOLUTE
    ../clib/signal.c                         0x00000000   Number         0  defsig_rtred_formal.o ABSOLUTE
    ../clib/signal.c                         0x00000000   Number         0  defsig_rtmem_inner.o ABSOLUTE
    ../clib/signal.c                         0x00000000   Number         0  defsig_rtred_outer.o ABSOLUTE
    ../clib/signal.c                         0x00000000   Number         0  defsig_fpe_formal.o ABSOLUTE
    ../clib/signal.c                         0x00000000   Number         0  defsig_fpe_outer.o ABSOLUTE
    ../clib/signal.c                         0x00000000   Number         0  defsig_rtmem_formal.o ABSOLUTE
    ../clib/signal.c                         0x00000000   Number         0  defsig_rtmem_outer.o ABSOLUTE
    ../clib/signal.s                         0x00000000   Number         0  defsig.o ABSOLUTE
    ../clib/stdio.c                          0x00000000   Number         0  stdio_streams.o ABSOLUTE
    ../clib/stdio.c                          0x00000000   Number         0  fseek.o ABSOLUTE
    ../clib/stdio.c                          0x00000000   Number         0  initio_locked.o ABSOLUTE
    ../clib/stdio.c                          0x00000000   Number         0  ferror_locked.o ABSOLUTE
    ../clib/stdio.c                          0x00000000   Number         0  setvbuf.o ABSOLUTE
    ../clib/stdio.c                          0x00000000   Number         0  initio.o ABSOLUTE
    ../clib/stdio.c                          0x00000000   Number         0  ferror.o ABSOLUTE
    ../clib/stdio.c                          0x00000000   Number         0  fopen.o ABSOLUTE
    ../clib/stdio.c                          0x00000000   Number         0  fclose.o ABSOLUTE
    ../clib/stdio.c                          0x00000000   Number         0  setvbuf_locked.o ABSOLUTE
    ../clib/stdio.c                          0x00000000   Number         0  fopen_locked.o ABSOLUTE
    ../clib/stdio.c                          0x00000000   Number         0  streamlock.o ABSOLUTE
    ../clib/stdio.c                          0x00000000   Number         0  ftell.o ABSOLUTE
    ../clib/stdio.c                          0x00000000   Number         0  stdio.o ABSOLUTE
    ../clib/stdlib.c                         0x00000000   Number         0  exit.o ABSOLUTE
    ../clib/string.c                         0x00000000   Number         0  strlen.o ABSOLUTE
    ../fplib/d2f.s                           0x00000000   Number         0  d2f_clz.o ABSOLUTE
    ../fplib/dcmpi.s                         0x00000000   Number         0  dcmpi.o ABSOLUTE
    ../fplib/dflt.s                          0x00000000   Number         0  dflt_clz.o ABSOLUTE
    ../fplib/dleqf.s                         0x00000000   Number         0  dleqf.o ABSOLUTE
    ../fplib/dnaninf.s                       0x00000000   Number         0  dnaninf.o ABSOLUTE
    ../fplib/drenorm.s                       0x00000000   Number         0  drenorm_clz.o ABSOLUTE
    ../fplib/dretinf.s                       0x00000000   Number         0  dretinf.o ABSOLUTE
    ../fplib/dsqrt.s                         0x00000000   Number         0  dsqrt_umaalclz.o ABSOLUTE
    ../fplib/dunder.s                        0x00000000   Number         0  dunder_clz.o ABSOLUTE
    ../fplib/except.s                        0x00000000   Number         0  except.o ABSOLUTE
    ../fplib/f2d.s                           0x00000000   Number         0  f2d.o ABSOLUTE
    ../fplib/fnaninf.s                       0x00000000   Number         0  fnaninf.o ABSOLUTE
    ../fplib/fpinit.s                        0x00000000   Number         0  fpinit.o ABSOLUTE
    ../fplib/fretinf.s                       0x00000000   Number         0  fretinf.o ABSOLUTE
    ../fplib/funder.s                        0x00000000   Number         0  funder_clz.o ABSOLUTE
    ../fplib/istatus.s                       0x00000000   Number         0  istatus.o ABSOLUTE
    ../fplib/printf1.s                       0x00000000   Number         0  printf1.o ABSOLUTE
    ../fplib/retnan.s                        0x00000000   Number         0  retnan.o ABSOLUTE
    ../fplib/trapv.s                         0x00000000   Number         0  trapv.o ABSOLUTE
    ../fplib/usenofp.s                       0x00000000   Number         0  usenofp.o ABSOLUTE
    ../mathlib/fpclassify.c                  0x00000000   Number         0  fpclassify.o ABSOLUTE
    ../mathlib/sqrt.c                        0x00000000   Number         0  sqrt_full_x.o ABSOLUTE
    ../mathlib/sqrt.c                        0x00000000   Number         0  sqrt_full.o ABSOLUTE
    ..\..\Source\StatisticsFunctions\arm_max_f32.c 0x00000000   Number         0  arm_max_f32.o ABSOLUTE
    ..\..\Source\StatisticsFunctions\arm_min_f32.c 0x00000000   Number         0  arm_min_f32.o ABSOLUTE
    ..\..\Source\StatisticsFunctions\arm_rms_f32.c 0x00000000   Number         0  arm_rms_f32.o ABSOLUTE
    ..\\..\\Source\\StatisticsFunctions\\arm_max_f32.c 0x00000000   Number         0  arm_max_f32.o ABSOLUTE
    ..\\..\\Source\\StatisticsFunctions\\arm_min_f32.c 0x00000000   Number         0  arm_min_f32.o ABSOLUTE
    ..\\..\\Source\\StatisticsFunctions\\arm_rms_f32.c 0x00000000   Number         0  arm_rms_f32.o ABSOLUTE
    Assembly.s                               0x00000000   Number         0  assembly.o ABSOLUTE
    RTE\Device\STM32F407VGTx\startup_stm32f407xx.s 0x00000000   Number         0  startup_stm32f407xx.o ABSOLUTE
    RTE\Device\STM32F407VGTx\system_stm32f4xx.c 0x00000000   Number         0  system_stm32f4xx.o ABSOLUTE
    RTE\\Device\\STM32F407VGTx\\system_stm32f4xx.c 0x00000000   Number         0  system_stm32f4xx.o ABSOLUTE
    dc.s                                     0x00000000   Number         0  dc.o ABSOLUTE
    fput_debug.c                             0x00000000   Number         0  fput_debug.o ABSOLUTE
    fput_debug.c                             0x00000000   Number         0  fput_debug.o ABSOLUTE
    main.c                                   0x00000000   Number         0  main.o ABSOLUTE
    main.c                                   0x00000000   Number         0  main.o ABSOLUTE
    RESET                                    0x08000000   Section      392  startup_stm32f407xx.o(RESET)
    !!!main                                  0x08000188   Section        8  __main.o(!!!main)
    !!!scatter                               0x08000190   Section       52  __scatter.o(!!!scatter)
    !!dczerorl2                              0x080001c4   Section       90  __dczerorl2.o(!!dczerorl2)
    !!handler_zi                             0x08000220   Section       28  __scatter_zi.o(!!handler_zi)
    .ARM.Collect$$_printf_percent$$00000000  0x0800023c   Section        0  _printf_percent.o(.ARM.Collect$$_printf_percent$$00000000)
    .ARM.Collect$$_printf_percent$$00000003  0x0800023c   Section        6  _printf_f.o(.ARM.Collect$$_printf_percent$$00000003)
    .ARM.Collect$$_printf_percent$$00000009  0x08000242   Section        6  _printf_d.o(.ARM.Collect$$_printf_percent$$00000009)
    .ARM.Collect$$_printf_percent$$00000017  0x08000248   Section        4  _printf_percent_end.o(.ARM.Collect$$_printf_percent$$00000017)
    .ARM.Collect$$libinit$$00000000          0x0800024c   Section        2  libinit.o(.ARM.Collect$$libinit$$00000000)
    .ARM.Collect$$libinit$$00000001          0x0800024e   Section        4  libinit2.o(.ARM.Collect$$libinit$$00000001)
    .ARM.Collect$$libinit$$00000004          0x08000252   Section        0  libinit2.o(.ARM.Collect$$libinit$$00000004)
    .ARM.Collect$$libinit$$00000005          0x08000252   Section        8  libinit2.o(.ARM.Collect$$libinit$$00000005)
    .ARM.Collect$$libinit$$0000000A          0x0800025a   Section        0  libinit2.o(.ARM.Collect$$libinit$$0000000A)
    .ARM.Collect$$libinit$$0000000C          0x0800025a   Section        0  libinit2.o(.ARM.Collect$$libinit$$0000000C)
    .ARM.Collect$$libinit$$0000000E          0x0800025a   Section        0  libinit2.o(.ARM.Collect$$libinit$$0000000E)
    .ARM.Collect$$libinit$$0000000F          0x0800025a   Section        6  libinit2.o(.ARM.Collect$$libinit$$0000000F)
    .ARM.Collect$$libinit$$00000011          0x08000260   Section        0  libinit2.o(.ARM.Collect$$libinit$$00000011)
    .ARM.Collect$$libinit$$00000013          0x08000260   Section        0  libinit2.o(.ARM.Collect$$libinit$$00000013)
    .ARM.Collect$$libinit$$00000015          0x08000260   Section        0  libinit2.o(.ARM.Collect$$libinit$$00000015)
    .ARM.Collect$$libinit$$00000016          0x08000260   Section       10  libinit2.o(.ARM.Collect$$libinit$$00000016)
    .ARM.Collect$$libinit$$00000017          0x0800026a   Section        0  libinit2.o(.ARM.Collect$$libinit$$00000017)
    .ARM.Collect$$libinit$$00000019          0x0800026a   Section        0  libinit2.o(.ARM.Collect$$libinit$$00000019)
    .ARM.Collect$$libinit$$0000001B          0x0800026a   Section        0  libinit2.o(.ARM.Collect$$libinit$$0000001B)
    .ARM.Collect$$libinit$$0000001D          0x0800026a   Section        0  libinit2.o(.ARM.Collect$$libinit$$0000001D)
    .ARM.Collect$$libinit$$0000001F          0x0800026a   Section        0  libinit2.o(.ARM.Collect$$libinit$$0000001F)
    .ARM.Collect$$libinit$$00000021          0x0800026a   Section        0  libinit2.o(.ARM.Collect$$libinit$$00000021)
    .ARM.Collect$$libinit$$00000023          0x0800026a   Section        0  libinit2.o(.ARM.Collect$$libinit$$00000023)
    .ARM.Collect$$libinit$$00000024          0x0800026a   Section        4  libinit2.o(.ARM.Collect$$libinit$$00000024)
    .ARM.Collect$$libinit$$00000025          0x0800026e   Section        0  libinit2.o(.ARM.Collect$$libinit$$00000025)
    .ARM.Collect$$libinit$$0000002C          0x0800026e   Section        0  libinit2.o(.ARM.Collect$$libinit$$0000002C)
    .ARM.Collect$$libinit$$0000002E          0x0800026e   Section        0  libinit2.o(.ARM.Collect$$libinit$$0000002E)
    .ARM.Collect$$libinit$$00000030          0x0800026e   Section        0  libinit2.o(.ARM.Collect$$libinit$$00000030)
    .ARM.Collect$$libinit$$00000032          0x0800026e   Section        0  libinit2.o(.ARM.Collect$$libinit$$00000032)
    .ARM.Collect$$libinit$$00000033          0x0800026e   Section        2  libinit2.o(.ARM.Collect$$libinit$$00000033)
    .ARM.Collect$$libshutdown$$00000000      0x08000270   Section        2  libshutdown.o(.ARM.Collect$$libshutdown$$00000000)
    .ARM.Collect$$libshutdown$$00000002      0x08000272   Section        4  libshutdown2.o(.ARM.Collect$$libshutdown$$00000002)
    .ARM.Collect$$libshutdown$$00000003      0x08000276   Section        0  libshutdown2.o(.ARM.Collect$$libshutdown$$00000003)
    .ARM.Collect$$libshutdown$$00000006      0x08000276   Section        0  libshutdown2.o(.ARM.Collect$$libshutdown$$00000006)
    .ARM.Collect$$libshutdown$$00000009      0x08000276   Section        0  libshutdown2.o(.ARM.Collect$$libshutdown$$00000009)
    .ARM.Collect$$libshutdown$$0000000B      0x08000276   Section        0  libshutdown2.o(.ARM.Collect$$libshutdown$$0000000B)
    .ARM.Collect$$libshutdown$$0000000E      0x08000276   Section        0  libshutdown2.o(.ARM.Collect$$libshutdown$$0000000E)
    .ARM.Collect$$libshutdown$$0000000F      0x08000276   Section        2  libshutdown2.o(.ARM.Collect$$libshutdown$$0000000F)
    .ARM.Collect$$rtentry$$00000000          0x08000278   Section        0  __rtentry.o(.ARM.Collect$$rtentry$$00000000)
    .ARM.Collect$$rtentry$$00000002          0x08000278   Section        0  __rtentry2.o(.ARM.Collect$$rtentry$$00000002)
    .ARM.Collect$$rtentry$$00000004          0x08000278   Section        6  __rtentry4.o(.ARM.Collect$$rtentry$$00000004)
    .ARM.Collect$$rtentry$$00000009          0x0800027e   Section        0  __rtentry2.o(.ARM.Collect$$rtentry$$00000009)
    .ARM.Collect$$rtentry$$0000000A          0x0800027e   Section        4  __rtentry2.o(.ARM.Collect$$rtentry$$0000000A)
    .ARM.Collect$$rtentry$$0000000C          0x08000282   Section        0  __rtentry2.o(.ARM.Collect$$rtentry$$0000000C)
    .ARM.Collect$$rtentry$$0000000D          0x08000282   Section        8  __rtentry2.o(.ARM.Collect$$rtentry$$0000000D)
    .ARM.Collect$$rtexit$$00000000           0x0800028a   Section        2  rtexit.o(.ARM.Collect$$rtexit$$00000000)
    .ARM.Collect$$rtexit$$00000002           0x0800028c   Section        0  rtexit2.o(.ARM.Collect$$rtexit$$00000002)
    .ARM.Collect$$rtexit$$00000003           0x0800028c   Section        4  rtexit2.o(.ARM.Collect$$rtexit$$00000003)
    .ARM.Collect$$rtexit$$00000004           0x08000290   Section        6  rtexit2.o(.ARM.Collect$$rtexit$$00000004)
    .emb_text                                0x08000298   Section        0  maybetermalloc1.o(.emb_text)
    .text                                    0x08000298   Section        0  main.o(.text)
    .text                                    0x0800051c   Section        0  fput_debug.o(.text)
    .text                                    0x08000554   Section       64  startup_stm32f407xx.o(.text)
    $v0                                      0x08000554   Number         0  startup_stm32f407xx.o(.text)
    .text                                    0x08000594   Section        0  system_stm32f4xx.o(.text)
    .text                                    0x080006b4   Section        0  arm_max_f32.o(.text)
    .text                                    0x0800078c   Section        0  arm_min_f32.o(.text)
    .text                                    0x08000864   Section        0  arm_rms_f32.o(.text)
    .text                                    0x08000950   Section        0  noretval__2printf.o(.text)
    .text                                    0x08000968   Section        0  __printf.o(.text)
    .text                                    0x080009d0   Section        0  _printf_dec.o(.text)
    .text                                    0x08000a48   Section        0  heapauxi.o(.text)
    .text                                    0x08000a4e   Section        0  _rserrno.o(.text)
    .text                                    0x08000a64   Section        0  _printf_intcommon.o(.text)
    .text                                    0x08000b16   Section        0  _printf_fp_dec.o(.text)
    _fp_digits                               0x08000b19   Thumb Code   428  _printf_fp_dec.o(.text)
    .text                                    0x08000f30   Section        0  _printf_char_file.o(.text)
    .text                                    0x08000f54   Section        8  rt_locale_intlibspace.o(.text)
    .text                                    0x08000f5c   Section        8  rt_errno_addr_intlibspace.o(.text)
    .text                                    0x08000f64   Section      138  lludiv10.o(.text)
    .text                                    0x08000ff0   Section        0  _fptrap.o(.text)
    .text                                    0x08001020   Section        0  _printf_char_common.o(.text)
    _printf_input_char                       0x08001021   Thumb Code    10  _printf_char_common.o(.text)
    .text                                    0x08001050   Section        0  _printf_fp_infnan.o(.text)
    .text                                    0x080010d0   Section        0  bigflt0.o(.text)
    .text                                    0x080011ac   Section        0  ferror.o(.text)
    .text                                    0x080011b4   Section        0  initio.o(.text)
    .text                                    0x080012ec   Section        0  sys_io.o(.text)
    .text                                    0x08001354   Section        8  libspace.o(.text)
    .text                                    0x0800135c   Section       74  sys_stackheap_outer.o(.text)
    .text                                    0x080013a6   Section        0  h1_free.o(.text)
    .text                                    0x080013f4   Section        0  setvbuf.o(.text)
    .text                                    0x0800143c   Section        0  fopen.o(.text)
    _freopen_locked                          0x0800143d   Thumb Code     0  fopen.o(.text)
    .text                                    0x08001528   Section        0  fclose.o(.text)
    .text                                    0x08001574   Section        0  exit.o(.text)
    .text                                    0x08001580   Section        0  defsig_fpe_outer.o(.text)
    .text                                    0x0800158e   Section        0  defsig_rtred_outer.o(.text)
    .text                                    0x0800159c   Section       78  rt_memclr_w.o(.text)
    .text                                    0x080015ec   Section      128  strcmpv7m.o(.text)
    .text                                    0x0800166c   Section        2  use_no_semi.o(.text)
    .text                                    0x0800166e   Section        0  indicate_semi.o(.text)
    .text                                    0x08001670   Section        8  rt_heap_descriptor_intlibspace.o(.text)
    .text                                    0x08001678   Section        0  hguard.o(.text)
    .text                                    0x0800167c   Section        0  init_alloc.o(.text)
    .text                                    0x08001706   Section        0  h1_alloc.o(.text)
    .text                                    0x08001764   Section        0  fseek.o(.text)
    .text                                    0x0800185c   Section        0  stdio.o(.text)
    .text                                    0x0800194c   Section        0  defsig_exit.o(.text)
    .text                                    0x08001958   Section        0  defsig_fpe_inner.o(.text)
    .text                                    0x08001a04   Section        0  defsig_rtred_inner.o(.text)
    .text                                    0x08001a38   Section        0  strlen.o(.text)
    .text                                    0x08001a78   Section        0  sys_exit.o(.text)
    .text                                    0x08001a84   Section        0  h1_init.o(.text)
    .text                                    0x08001a92   Section        0  h1_extend.o(.text)
    .text                                    0x08001ac6   Section        0  ftell.o(.text)
    .text                                    0x08001b08   Section        0  defsig_general.o(.text)
    .text                                    0x08001b3a   Section        0  defsig_rtmem_outer.o(.text)
    .text                                    0x08001b48   Section        0  sys_wrch.o(.text)
    .text                                    0x08001b58   Section        0  defsig_rtmem_inner.o(.text)
    CL$$btod_d2e                             0x08001ba8   Section       62  btod.o(CL$$btod_d2e)
    CL$$btod_d2e_denorm_low                  0x08001be6   Section       70  btod.o(CL$$btod_d2e_denorm_low)
    CL$$btod_d2e_norm_op1                    0x08001c2c   Section       96  btod.o(CL$$btod_d2e_norm_op1)
    CL$$btod_div_common                      0x08001c8c   Section      824  btod.o(CL$$btod_div_common)
    CL$$btod_e2e                             0x08001fc4   Section      198  btod.o(CL$$btod_e2e)
    CL$$btod_ediv                            0x0800208a   Section       40  btod.o(CL$$btod_ediv)
    CL$$btod_emul                            0x080020b2   Section       40  btod.o(CL$$btod_emul)
    CL$$btod_mult_common                     0x080020da   Section      580  btod.o(CL$$btod_mult_common)
    i.__ARM_fpclassify                       0x0800231e   Section        0  fpclassify.o(i.__ARM_fpclassify)
    i.__hardfp_sqrt                          0x0800234e   Section        0  sqrt_full.o(i.__hardfp_sqrt)
    locale$$code                             0x080023c8   Section       44  lc_numeric_c.o(locale$$code)
    text                                     0x080023f4   Section      138  assembly.o(text)
    $v0                                      0x080023f4   Number         0  assembly.o(text)
    x$fpl$d2f                                0x08002480   Section      708  d2f_clz.o(x$fpl$d2f)
    $v0                                      0x08002480   Number         0  d2f_clz.o(x$fpl$d2f)
    x$fpl$dfltn                              0x08002744   Section       26  dflt_clz.o(x$fpl$dfltn)
    $v0                                      0x08002744   Number         0  dflt_clz.o(x$fpl$dfltn)
    x$fpl$dnaninf                            0x0800275e   Section      258  dnaninf.o(x$fpl$dnaninf)
    $v0                                      0x0800275e   Number         0  dnaninf.o(x$fpl$dnaninf)
    x$fpl$drenorm                            0x08002860   Section      112  drenorm_clz.o(x$fpl$drenorm)
    $v0                                      0x08002860   Number         0  drenorm_clz.o(x$fpl$drenorm)
    x$fpl$dretinf                            0x080028d0   Section       12  dretinf.o(x$fpl$dretinf)
    $v0                                      0x080028d0   Number         0  dretinf.o(x$fpl$dretinf)
    x$fpl$dsqrt                              0x080028dc   Section      520  dsqrt_umaalclz.o(x$fpl$dsqrt)
    $v0                                      0x080028dc   Number         0  dsqrt_umaalclz.o(x$fpl$dsqrt)
    x$fpl$dunder                             0x08002ae4   Section      378  dunder_clz.o(x$fpl$dunder)
    $v0                                      0x08002ae4   Number         0  dunder_clz.o(x$fpl$dunder)
    x$fpl$exception                          0x08002c60   Section      492  except.o(x$fpl$exception)
    $v0                                      0x08002c60   Number         0  except.o(x$fpl$exception)
    x$fpl$f2d                                0x08002e4c   Section      122  f2d.o(x$fpl$f2d)
    $v0                                      0x08002e4c   Number         0  f2d.o(x$fpl$f2d)
    x$fpl$fnaninf                            0x08002ec6   Section      242  fnaninf.o(x$fpl$fnaninf)
    $v0                                      0x08002ec6   Number         0  fnaninf.o(x$fpl$fnaninf)
    x$fpl$fpinit                             0x08002fb8   Section       10  fpinit.o(x$fpl$fpinit)
    $v0                                      0x08002fb8   Number         0  fpinit.o(x$fpl$fpinit)
    x$fpl$fretinf                            0x08002fc2   Section       10  fretinf.o(x$fpl$fretinf)
    $v0                                      0x08002fc2   Number         0  fretinf.o(x$fpl$fretinf)
    x$fpl$funder                             0x08002fcc   Section      316  funder_clz.o(x$fpl$funder)
    $v0                                      0x08002fcc   Number         0  funder_clz.o(x$fpl$funder)
    x$fpl$ieeestatus                         0x08003108   Section       32  istatus.o(x$fpl$ieeestatus)
    $v0                                      0x08003108   Number         0  istatus.o(x$fpl$ieeestatus)
    x$fpl$printf1                            0x08003128   Section        4  printf1.o(x$fpl$printf1)
    $v0                                      0x08003128   Number         0  printf1.o(x$fpl$printf1)
    x$fpl$retnan                             0x0800312c   Section      178  retnan.o(x$fpl$retnan)
    $v0                                      0x0800312c   Number         0  retnan.o(x$fpl$retnan)
    x$fpl$trapveneer                         0x080031de   Section      126  trapv.o(x$fpl$trapveneer)
    $v0                                      0x080031de   Number         0  trapv.o(x$fpl$trapveneer)
    .constdata                               0x0800325c   Section       24  system_stm32f4xx.o(.constdata)
    x$fpl$usenofp                            0x0800325c   Section        0  usenofp.o(x$fpl$usenofp)
    .constdata                               0x08003274   Section      148  bigflt0.o(.constdata)
    tenpwrs_x                                0x08003274   Data          60  bigflt0.o(.constdata)
    tenpwrs_i                                0x080032b0   Data          64  bigflt0.o(.constdata)
    .constdata                               0x08003308   Section        4  sys_io.o(.constdata)
    .constdata                               0x0800330c   Section        4  sys_io.o(.constdata)
    .constdata                               0x08003310   Section        4  sys_io.o(.constdata)
    locale$$data                             0x08003334   Section       28  lc_numeric_c.o(locale$$data)
    __lcnum_c_name                           0x08003338   Data           2  lc_numeric_c.o(locale$$data)
    __lcnum_c_start                          0x08003340   Data           0  lc_numeric_c.o(locale$$data)
    __lcnum_c_point                          0x0800334c   Data           0  lc_numeric_c.o(locale$$data)
    __lcnum_c_thousands                      0x0800334e   Data           0  lc_numeric_c.o(locale$$data)
    __lcnum_c_grouping                       0x0800334f   Data           0  lc_numeric_c.o(locale$$data)
    __lcnum_c_end                            0x08003350   Data           0  lc_numeric_c.o(locale$$data)
    .data                                    0x20000000   Section      828  main.o(.data)
    .data                                    0x2000033c   Section        4  system_stm32f4xx.o(.data)
    .data                                    0x20000340   Section        4  stdio_streams.o(.data)
    .data                                    0x20000344   Section        4  stdio_streams.o(.data)
    .data                                    0x20000348   Section        4  stdio_streams.o(.data)
    .bss                                     0x2000034c   Section       84  stdio_streams.o(.bss)
    .bss                                     0x200003a0   Section       84  stdio_streams.o(.bss)
    .bss                                     0x200003f4   Section       84  stdio_streams.o(.bss)
    .bss                                     0x20000448   Section       96  libspace.o(.bss)
    HEAP                                     0x200004a8   Section      512  startup_stm32f407xx.o(HEAP)
    Heap_Mem                                 0x200004a8   Data         512  startup_stm32f407xx.o(HEAP)
    STACK                                    0x200006a8   Section     1024  startup_stm32f407xx.o(STACK)
    Stack_Mem                                0x200006a8   Data        1024  startup_stm32f407xx.o(STACK)
    __initial_sp                             0x20000aa8   Data           0  startup_stm32f407xx.o(STACK)

    Global Symbols

    Symbol Name                              Value     Ov Type        Size  Object(Section)

    BuildAttributes$$THM_ISAv4$E$P$D$K$B$S$7EM$VFPi3$EXTD16$VFPS$VFMA$PE$A:L22UL41UL21$X:L11$S22US41US21$IEEE1$IW$USESV6$~STKCKD$USESV7$~SHL$OTIME$ROPI$IEEEX$EBA8$UX$STANDARDLIB$REQ8$PRES8$EABIv2 0x00000000   Number         0  anon$$obj.o ABSOLUTE
    __ARM_use_no_argv                        0x00000000   Number         0  main.o ABSOLUTE
    __ARM_exceptions_init                     - Undefined Weak Reference
    __alloca_initialize                       - Undefined Weak Reference
    __arm_preinit_                            - Undefined Weak Reference
    __cpp_initialize__aeabi_                  - Undefined Weak Reference
    __cxa_finalize                            - Undefined Weak Reference
    __sigvec_lookup                           - Undefined Weak Reference
    __user_heap_extent                        - Undefined Weak Reference
    _atexit_init                              - Undefined Weak Reference
    _call_atexit_fns                          - Undefined Weak Reference
    _clock_init                               - Undefined Weak Reference
    _fp_trap_big                              - Undefined Weak Reference
    _fp_trap_init                             - Undefined Weak Reference
    _fp_trap_shutdown                         - Undefined Weak Reference
    _get_lc_collate                           - Undefined Weak Reference
    _get_lc_ctype                             - Undefined Weak Reference
    _get_lc_monetary                          - Undefined Weak Reference
    _get_lc_time                              - Undefined Weak Reference
    _getenv_init                              - Undefined Weak Reference
    _handle_redirection                       - Undefined Weak Reference
    _mutex_acquire                            - Undefined Weak Reference
    _mutex_free                               - Undefined Weak Reference
    _mutex_release                            - Undefined Weak Reference
    _printf_post_padding                      - Undefined Weak Reference
    _printf_pre_padding                       - Undefined Weak Reference
    _printf_truncate_signed                   - Undefined Weak Reference
    _printf_truncate_unsigned                 - Undefined Weak Reference
    _rand_init                                - Undefined Weak Reference
    _signal_finish                            - Undefined Weak Reference
    _signal_init                              - Undefined Weak Reference
    __Vectors_Size                           0x00000188   Number         0  startup_stm32f407xx.o ABSOLUTE
    __Vectors                                0x08000000   Data           4  startup_stm32f407xx.o(RESET)
    __Vectors_End                            0x08000188   Data           0  startup_stm32f407xx.o(RESET)
    __main                                   0x08000189   Thumb Code     8  __main.o(!!!main)
    __scatterload                            0x08000191   Thumb Code     0  __scatter.o(!!!scatter)
    __scatterload_rt2                        0x08000191   Thumb Code    44  __scatter.o(!!!scatter)
    __scatterload_rt2_thumb_only             0x08000191   Thumb Code     0  __scatter.o(!!!scatter)
    __scatterload_null                       0x0800019f   Thumb Code     0  __scatter.o(!!!scatter)
    __decompress                             0x080001c5   Thumb Code    90  __dczerorl2.o(!!dczerorl2)
    __decompress1                            0x080001c5   Thumb Code     0  __dczerorl2.o(!!dczerorl2)
    __scatterload_zeroinit                   0x08000221   Thumb Code    28  __scatter_zi.o(!!handler_zi)
    _printf_f                                0x0800023d   Thumb Code     0  _printf_f.o(.ARM.Collect$$_printf_percent$$00000003)
    _printf_percent                          0x0800023d   Thumb Code     0  _printf_percent.o(.ARM.Collect$$_printf_percent$$00000000)
    _printf_d                                0x08000243   Thumb Code     0  _printf_d.o(.ARM.Collect$$_printf_percent$$00000009)
    _printf_percent_end                      0x08000249   Thumb Code     0  _printf_percent_end.o(.ARM.Collect$$_printf_percent$$00000017)
    __rt_lib_init                            0x0800024d   Thumb Code     0  libinit.o(.ARM.Collect$$libinit$$00000000)
    __rt_lib_init_fp_1                       0x0800024f   Thumb Code     0  libinit2.o(.ARM.Collect$$libinit$$00000001)
    __rt_lib_init_heap_2                     0x08000253   Thumb Code     0  libinit2.o(.ARM.Collect$$libinit$$00000005)
    __rt_lib_init_preinit_1                  0x08000253   Thumb Code     0  libinit2.o(.ARM.Collect$$libinit$$00000004)
    __rt_lib_init_heap_1                     0x0800025b   Thumb Code     0  libinit2.o(.ARM.Collect$$libinit$$0000000A)
    __rt_lib_init_lc_common                  0x0800025b   Thumb Code     0  libinit2.o(.ARM.Collect$$libinit$$0000000F)
    __rt_lib_init_rand_1                     0x0800025b   Thumb Code     0  libinit2.o(.ARM.Collect$$libinit$$0000000E)
    __rt_lib_init_user_alloc_1               0x0800025b   Thumb Code     0  libinit2.o(.ARM.Collect$$libinit$$0000000C)
    __rt_lib_init_lc_collate_1               0x08000261   Thumb Code     0  libinit2.o(.ARM.Collect$$libinit$$00000011)
    __rt_lib_init_lc_ctype_1                 0x08000261   Thumb Code     0  libinit2.o(.ARM.Collect$$libinit$$00000013)
    __rt_lib_init_lc_monetary_1              0x08000261   Thumb Code     0  libinit2.o(.ARM.Collect$$libinit$$00000015)
    __rt_lib_init_lc_numeric_2               0x08000261   Thumb Code     0  libinit2.o(.ARM.Collect$$libinit$$00000016)
    __rt_lib_init_atexit_1                   0x0800026b   Thumb Code     0  libinit2.o(.ARM.Collect$$libinit$$0000001B)
    __rt_lib_init_clock_1                    0x0800026b   Thumb Code     0  libinit2.o(.ARM.Collect$$libinit$$00000021)
    __rt_lib_init_fp_trap_1                  0x0800026b   Thumb Code     0  libinit2.o(.ARM.Collect$$libinit$$0000001F)
    __rt_lib_init_getenv_1                   0x0800026b   Thumb Code     0  libinit2.o(.ARM.Collect$$libinit$$00000023)
    __rt_lib_init_lc_numeric_1               0x0800026b   Thumb Code     0  libinit2.o(.ARM.Collect$$libinit$$00000017)
    __rt_lib_init_lc_time_1                  0x0800026b   Thumb Code     0  libinit2.o(.ARM.Collect$$libinit$$00000019)
    __rt_lib_init_signal_1                   0x0800026b   Thumb Code     0  libinit2.o(.ARM.Collect$$libinit$$0000001D)
    __rt_lib_init_stdio_2                    0x0800026b   Thumb Code     0  libinit2.o(.ARM.Collect$$libinit$$00000024)
    __rt_lib_init_alloca_1                   0x0800026f   Thumb Code     0  libinit2.o(.ARM.Collect$$libinit$$0000002E)
    __rt_lib_init_argv_1                     0x0800026f   Thumb Code     0  libinit2.o(.ARM.Collect$$libinit$$0000002C)
    __rt_lib_init_cpp_1                      0x0800026f   Thumb Code     0  libinit2.o(.ARM.Collect$$libinit$$00000032)
    __rt_lib_init_exceptions_1               0x0800026f   Thumb Code     0  libinit2.o(.ARM.Collect$$libinit$$00000030)
    __rt_lib_init_return                     0x0800026f   Thumb Code     0  libinit2.o(.ARM.Collect$$libinit$$00000033)
    __rt_lib_init_stdio_1                    0x0800026f   Thumb Code     0  libinit2.o(.ARM.Collect$$libinit$$00000025)
    __rt_lib_shutdown                        0x08000271   Thumb Code     0  libshutdown.o(.ARM.Collect$$libshutdown$$00000000)
    __rt_lib_shutdown_stdio_2                0x08000273   Thumb Code     0  libshutdown2.o(.ARM.Collect$$libshutdown$$00000002)
    __rt_lib_shutdown_fp_trap_1              0x08000277   Thumb Code     0  libshutdown2.o(.ARM.Collect$$libshutdown$$00000006)
    __rt_lib_shutdown_heap_1                 0x08000277   Thumb Code     0  libshutdown2.o(.ARM.Collect$$libshutdown$$0000000E)
    __rt_lib_shutdown_return                 0x08000277   Thumb Code     0  libshutdown2.o(.ARM.Collect$$libshutdown$$0000000F)
    __rt_lib_shutdown_signal_1               0x08000277   Thumb Code     0  libshutdown2.o(.ARM.Collect$$libshutdown$$00000009)
    __rt_lib_shutdown_stdio_1                0x08000277   Thumb Code     0  libshutdown2.o(.ARM.Collect$$libshutdown$$00000003)
    __rt_lib_shutdown_user_alloc_1           0x08000277   Thumb Code     0  libshutdown2.o(.ARM.Collect$$libshutdown$$0000000B)
    __rt_entry                               0x08000279   Thumb Code     0  __rtentry.o(.ARM.Collect$$rtentry$$00000000)
    __rt_entry_presh_1                       0x08000279   Thumb Code     0  __rtentry2.o(.ARM.Collect$$rtentry$$00000002)
    __rt_entry_sh                            0x08000279   Thumb Code     0  __rtentry4.o(.ARM.Collect$$rtentry$$00000004)
    __rt_entry_li                            0x0800027f   Thumb Code     0  __rtentry2.o(.ARM.Collect$$rtentry$$0000000A)
    __rt_entry_postsh_1                      0x0800027f   Thumb Code     0  __rtentry2.o(.ARM.Collect$$rtentry$$00000009)
    __rt_entry_main                          0x08000283   Thumb Code     0  __rtentry2.o(.ARM.Collect$$rtentry$$0000000D)
    __rt_entry_postli_1                      0x08000283   Thumb Code     0  __rtentry2.o(.ARM.Collect$$rtentry$$0000000C)
    __rt_exit                                0x0800028b   Thumb Code     0  rtexit.o(.ARM.Collect$$rtexit$$00000000)
    __rt_exit_ls                             0x0800028d   Thumb Code     0  rtexit2.o(.ARM.Collect$$rtexit$$00000003)
    __rt_exit_prels_1                        0x0800028d   Thumb Code     0  rtexit2.o(.ARM.Collect$$rtexit$$00000002)
    __rt_exit_exit                           0x08000291   Thumb Code     0  rtexit2.o(.ARM.Collect$$rtexit$$00000004)
    FIR_C                                    0x08000299   Thumb Code   102  main.o(.text)
    _maybe_terminate_alloc                   0x08000299   Thumb Code     0  maybetermalloc1.o(.emb_text)
    main                                     0x080002ff   Thumb Code   154  main.o(.text)
    c_math                                   0x08000399   Thumb Code   234  main.o(.text)
    cmsis_math                               0x08000483   Thumb Code    70  main.o(.text)
    fputc                                    0x0800051d   Thumb Code    52  fput_debug.o(.text)
    Reset_Handler                            0x08000555   Thumb Code     8  startup_stm32f407xx.o(.text)
    NMI_Handler                              0x0800055d   Thumb Code     2  startup_stm32f407xx.o(.text)
    HardFault_Handler                        0x0800055f   Thumb Code     2  startup_stm32f407xx.o(.text)
    MemManage_Handler                        0x08000561   Thumb Code     2  startup_stm32f407xx.o(.text)
    BusFault_Handler                         0x08000563   Thumb Code     2  startup_stm32f407xx.o(.text)
    UsageFault_Handler                       0x08000565   Thumb Code     2  startup_stm32f407xx.o(.text)
    SVC_Handler                              0x08000567   Thumb Code     2  startup_stm32f407xx.o(.text)
    DebugMon_Handler                         0x08000569   Thumb Code     2  startup_stm32f407xx.o(.text)
    PendSV_Handler                           0x0800056b   Thumb Code     2  startup_stm32f407xx.o(.text)
    SysTick_Handler                          0x0800056d   Thumb Code     2  startup_stm32f407xx.o(.text)
    ADC_IRQHandler                           0x0800056f   Thumb Code     0  startup_stm32f407xx.o(.text)
    CAN1_RX0_IRQHandler                      0x0800056f   Thumb Code     0  startup_stm32f407xx.o(.text)
    CAN1_RX1_IRQHandler                      0x0800056f   Thumb Code     0  startup_stm32f407xx.o(.text)
    CAN1_SCE_IRQHandler                      0x0800056f   Thumb Code     0  startup_stm32f407xx.o(.text)
    CAN1_TX_IRQHandler                       0x0800056f   Thumb Code     0  startup_stm32f407xx.o(.text)
    CAN2_RX0_IRQHandler                      0x0800056f   Thumb Code     0  startup_stm32f407xx.o(.text)
    CAN2_RX1_IRQHandler                      0x0800056f   Thumb Code     0  startup_stm32f407xx.o(.text)
    CAN2_SCE_IRQHandler                      0x0800056f   Thumb Code     0  startup_stm32f407xx.o(.text)
    CAN2_TX_IRQHandler                       0x0800056f   Thumb Code     0  startup_stm32f407xx.o(.text)
    DCMI_IRQHandler                          0x0800056f   Thumb Code     0  startup_stm32f407xx.o(.text)
    DMA1_Stream0_IRQHandler                  0x0800056f   Thumb Code     0  startup_stm32f407xx.o(.text)
    DMA1_Stream1_IRQHandler                  0x0800056f   Thumb Code     0  startup_stm32f407xx.o(.text)
    DMA1_Stream2_IRQHandler                  0x0800056f   Thumb Code     0  startup_stm32f407xx.o(.text)
    DMA1_Stream3_IRQHandler                  0x0800056f   Thumb Code     0  startup_stm32f407xx.o(.text)
    DMA1_Stream4_IRQHandler                  0x0800056f   Thumb Code     0  startup_stm32f407xx.o(.text)
    DMA1_Stream5_IRQHandler                  0x0800056f   Thumb Code     0  startup_stm32f407xx.o(.text)
    DMA1_Stream6_IRQHandler                  0x0800056f   Thumb Code     0  startup_stm32f407xx.o(.text)
    DMA1_Stream7_IRQHandler                  0x0800056f   Thumb Code     0  startup_stm32f407xx.o(.text)
    DMA2_Stream0_IRQHandler                  0x0800056f   Thumb Code     0  startup_stm32f407xx.o(.text)
    DMA2_Stream1_IRQHandler                  0x0800056f   Thumb Code     0  startup_stm32f407xx.o(.text)
    DMA2_Stream2_IRQHandler                  0x0800056f   Thumb Code     0  startup_stm32f407xx.o(.text)
    DMA2_Stream3_IRQHandler                  0x0800056f   Thumb Code     0  startup_stm32f407xx.o(.text)
    DMA2_Stream4_IRQHandler                  0x0800056f   Thumb Code     0  startup_stm32f407xx.o(.text)
    DMA2_Stream5_IRQHandler                  0x0800056f   Thumb Code     0  startup_stm32f407xx.o(.text)
    DMA2_Stream6_IRQHandler                  0x0800056f   Thumb Code     0  startup_stm32f407xx.o(.text)
    DMA2_Stream7_IRQHandler                  0x0800056f   Thumb Code     0  startup_stm32f407xx.o(.text)
    ETH_IRQHandler                           0x0800056f   Thumb Code     0  startup_stm32f407xx.o(.text)
    ETH_WKUP_IRQHandler                      0x0800056f   Thumb Code     0  startup_stm32f407xx.o(.text)
    EXTI0_IRQHandler                         0x0800056f   Thumb Code     0  startup_stm32f407xx.o(.text)
    EXTI15_10_IRQHandler                     0x0800056f   Thumb Code     0  startup_stm32f407xx.o(.text)
    EXTI1_IRQHandler                         0x0800056f   Thumb Code     0  startup_stm32f407xx.o(.text)
    EXTI2_IRQHandler                         0x0800056f   Thumb Code     0  startup_stm32f407xx.o(.text)
    EXTI3_IRQHandler                         0x0800056f   Thumb Code     0  startup_stm32f407xx.o(.text)
    EXTI4_IRQHandler                         0x0800056f   Thumb Code     0  startup_stm32f407xx.o(.text)
    EXTI9_5_IRQHandler                       0x0800056f   Thumb Code     0  startup_stm32f407xx.o(.text)
    FLASH_IRQHandler                         0x0800056f   Thumb Code     0  startup_stm32f407xx.o(.text)
    FMC_IRQHandler                           0x0800056f   Thumb Code     0  startup_stm32f407xx.o(.text)
    FPU_IRQHandler                           0x0800056f   Thumb Code     0  startup_stm32f407xx.o(.text)
    HASH_RNG_IRQHandler                      0x0800056f   Thumb Code     0  startup_stm32f407xx.o(.text)
    I2C1_ER_IRQHandler                       0x0800056f   Thumb Code     0  startup_stm32f407xx.o(.text)
    I2C1_EV_IRQHandler                       0x0800056f   Thumb Code     0  startup_stm32f407xx.o(.text)
    I2C2_ER_IRQHandler                       0x0800056f   Thumb Code     0  startup_stm32f407xx.o(.text)
    I2C2_EV_IRQHandler                       0x0800056f   Thumb Code     0  startup_stm32f407xx.o(.text)
    I2C3_ER_IRQHandler                       0x0800056f   Thumb Code     0  startup_stm32f407xx.o(.text)
    I2C3_EV_IRQHandler                       0x0800056f   Thumb Code     0  startup_stm32f407xx.o(.text)
    OTG_FS_IRQHandler                        0x0800056f   Thumb Code     0  startup_stm32f407xx.o(.text)
    OTG_FS_WKUP_IRQHandler                   0x0800056f   Thumb Code     0  startup_stm32f407xx.o(.text)
    OTG_HS_EP1_IN_IRQHandler                 0x0800056f   Thumb Code     0  startup_stm32f407xx.o(.text)
    OTG_HS_EP1_OUT_IRQHandler                0x0800056f   Thumb Code     0  startup_stm32f407xx.o(.text)
    OTG_HS_IRQHandler                        0x0800056f   Thumb Code     0  startup_stm32f407xx.o(.text)
    OTG_HS_WKUP_IRQHandler                   0x0800056f   Thumb Code     0  startup_stm32f407xx.o(.text)
    PVD_IRQHandler                           0x0800056f   Thumb Code     0  startup_stm32f407xx.o(.text)
    RCC_IRQHandler                           0x0800056f   Thumb Code     0  startup_stm32f407xx.o(.text)
    RTC_Alarm_IRQHandler                     0x0800056f   Thumb Code     0  startup_stm32f407xx.o(.text)
    RTC_WKUP_IRQHandler                      0x0800056f   Thumb Code     0  startup_stm32f407xx.o(.text)
    SDIO_IRQHandler                          0x0800056f   Thumb Code     0  startup_stm32f407xx.o(.text)
    SPI1_IRQHandler                          0x0800056f   Thumb Code     0  startup_stm32f407xx.o(.text)
    SPI2_IRQHandler                          0x0800056f   Thumb Code     0  startup_stm32f407xx.o(.text)
    SPI3_IRQHandler                          0x0800056f   Thumb Code     0  startup_stm32f407xx.o(.text)
    TAMP_STAMP_IRQHandler                    0x0800056f   Thumb Code     0  startup_stm32f407xx.o(.text)
    TIM1_BRK_TIM9_IRQHandler                 0x0800056f   Thumb Code     0  startup_stm32f407xx.o(.text)
    TIM1_CC_IRQHandler                       0x0800056f   Thumb Code     0  startup_stm32f407xx.o(.text)
    TIM1_TRG_COM_TIM11_IRQHandler            0x0800056f   Thumb Code     0  startup_stm32f407xx.o(.text)
    TIM1_UP_TIM10_IRQHandler                 0x0800056f   Thumb Code     0  startup_stm32f407xx.o(.text)
    TIM2_IRQHandler                          0x0800056f   Thumb Code     0  startup_stm32f407xx.o(.text)
    TIM3_IRQHandler                          0x0800056f   Thumb Code     0  startup_stm32f407xx.o(.text)
    TIM4_IRQHandler                          0x0800056f   Thumb Code     0  startup_stm32f407xx.o(.text)
    TIM5_IRQHandler                          0x0800056f   Thumb Code     0  startup_stm32f407xx.o(.text)
    TIM6_DAC_IRQHandler                      0x0800056f   Thumb Code     0  startup_stm32f407xx.o(.text)
    TIM7_IRQHandler                          0x0800056f   Thumb Code     0  startup_stm32f407xx.o(.text)
    TIM8_BRK_TIM12_IRQHandler                0x0800056f   Thumb Code     0  startup_stm32f407xx.o(.text)
    TIM8_CC_IRQHandler                       0x0800056f   Thumb Code     0  startup_stm32f407xx.o(.text)
    TIM8_TRG_COM_TIM14_IRQHandler            0x0800056f   Thumb Code     0  startup_stm32f407xx.o(.text)
    TIM8_UP_TIM13_IRQHandler                 0x0800056f   Thumb Code     0  startup_stm32f407xx.o(.text)
    UART4_IRQHandler                         0x0800056f   Thumb Code     0  startup_stm32f407xx.o(.text)
    UART5_IRQHandler                         0x0800056f   Thumb Code     0  startup_stm32f407xx.o(.text)
    USART1_IRQHandler                        0x0800056f   Thumb Code     0  startup_stm32f407xx.o(.text)
    USART2_IRQHandler                        0x0800056f   Thumb Code     0  startup_stm32f407xx.o(.text)
    USART3_IRQHandler                        0x0800056f   Thumb Code     0  startup_stm32f407xx.o(.text)
    USART6_IRQHandler                        0x0800056f   Thumb Code     0  startup_stm32f407xx.o(.text)
    WWDG_IRQHandler                          0x0800056f   Thumb Code     0  startup_stm32f407xx.o(.text)
    __user_initial_stackheap                 0x08000571   Thumb Code     0  startup_stm32f407xx.o(.text)
    SystemInit                               0x08000595   Thumb Code    82  system_stm32f4xx.o(.text)
    SystemCoreClockUpdate                    0x080005e7   Thumb Code   174  system_stm32f4xx.o(.text)
    arm_max_f32                              0x080006b5   Thumb Code   216  arm_max_f32.o(.text)
    arm_min_f32                              0x0800078d   Thumb Code   216  arm_min_f32.o(.text)
    arm_rms_f32                              0x08000865   Thumb Code   232  arm_rms_f32.o(.text)
    __2printf                                0x08000951   Thumb Code    20  noretval__2printf.o(.text)
    __printf                                 0x08000969   Thumb Code   104  __printf.o(.text)
    _printf_int_dec                          0x080009d1   Thumb Code   104  _printf_dec.o(.text)
    __use_two_region_memory                  0x08000a49   Thumb Code     2  heapauxi.o(.text)
    __rt_heap_escrow                         0x08000a4b   Thumb Code     2  heapauxi.o(.text)
    __rt_heap_expand                         0x08000a4d   Thumb Code     2  heapauxi.o(.text)
    __read_errno                             0x08000a4f   Thumb Code    10  _rserrno.o(.text)
    __set_errno                              0x08000a59   Thumb Code    12  _rserrno.o(.text)
    _printf_int_common                       0x08000a65   Thumb Code   178  _printf_intcommon.o(.text)
    __lib_sel_fp_printf                      0x08000b17   Thumb Code     2  _printf_fp_dec.o(.text)
    _printf_fp_dec_real                      0x08000cc5   Thumb Code   620  _printf_fp_dec.o(.text)
    _printf_char_file                        0x08000f31   Thumb Code    32  _printf_char_file.o(.text)
    __rt_locale                              0x08000f55   Thumb Code     8  rt_locale_intlibspace.o(.text)
    __aeabi_errno_addr                       0x08000f5d   Thumb Code     8  rt_errno_addr_intlibspace.o(.text)
    __errno$intlibspace                      0x08000f5d   Thumb Code     0  rt_errno_addr_intlibspace.o(.text)
    __rt_errno_addr$intlibspace              0x08000f5d   Thumb Code     0  rt_errno_addr_intlibspace.o(.text)
    _ll_udiv10                               0x08000f65   Thumb Code   138  lludiv10.o(.text)
    _fp_trap                                 0x08000ff1   Thumb Code    44  _fptrap.o(.text)
    _printf_char_common                      0x0800102b   Thumb Code    32  _printf_char_common.o(.text)
    _printf_fp_infnan                        0x08001051   Thumb Code   112  _printf_fp_infnan.o(.text)
    _btod_etento                             0x080010d1   Thumb Code   216  bigflt0.o(.text)
    ferror                                   0x080011ad   Thumb Code     8  ferror.o(.text)
    _initio                                  0x080011b5   Thumb Code   210  initio.o(.text)
    _terminateio                             0x08001287   Thumb Code    56  initio.o(.text)
    _sys_open                                0x080012ed   Thumb Code    20  sys_io.o(.text)
    _sys_close                               0x08001301   Thumb Code    12  sys_io.o(.text)
    _sys_write                               0x0800130d   Thumb Code    16  sys_io.o(.text)
    _sys_read                                0x0800131d   Thumb Code    14  sys_io.o(.text)
    _sys_istty                               0x0800132b   Thumb Code    12  sys_io.o(.text)
    _sys_seek                                0x08001337   Thumb Code    14  sys_io.o(.text)
    _sys_ensure                              0x08001345   Thumb Code     2  sys_io.o(.text)
    _sys_flen                                0x08001347   Thumb Code    12  sys_io.o(.text)
    __user_libspace                          0x08001355   Thumb Code     8  libspace.o(.text)
    __user_perproc_libspace                  0x08001355   Thumb Code     0  libspace.o(.text)
    __user_perthread_libspace                0x08001355   Thumb Code     0  libspace.o(.text)
    __user_setup_stackheap                   0x0800135d   Thumb Code    74  sys_stackheap_outer.o(.text)
    free                                     0x080013a7   Thumb Code    78  h1_free.o(.text)
    setvbuf                                  0x080013f5   Thumb Code    70  setvbuf.o(.text)
    freopen                                  0x0800143d   Thumb Code   158  fopen.o(.text)
    fopen                                    0x080014db   Thumb Code    74  fopen.o(.text)
    _fclose_internal                         0x08001529   Thumb Code    76  fclose.o(.text)
    fclose                                   0x08001529   Thumb Code     0  fclose.o(.text)
    exit                                     0x08001575   Thumb Code    12  exit.o(.text)
    __rt_SIGFPE                              0x08001581   Thumb Code    14  defsig_fpe_outer.o(.text)
    __rt_SIGRTRED                            0x0800158f   Thumb Code    14  defsig_rtred_outer.o(.text)
    __aeabi_memclr4                          0x0800159d   Thumb Code     0  rt_memclr_w.o(.text)
    __aeabi_memclr8                          0x0800159d   Thumb Code     0  rt_memclr_w.o(.text)
    __rt_memclr_w                            0x0800159d   Thumb Code    78  rt_memclr_w.o(.text)
    _memset_w                                0x080015a1   Thumb Code     0  rt_memclr_w.o(.text)
    strcmp                                   0x080015ed   Thumb Code   128  strcmpv7m.o(.text)
    __I$use$semihosting                      0x0800166d   Thumb Code     0  use_no_semi.o(.text)
    __use_no_semihosting_swi                 0x0800166d   Thumb Code     2  use_no_semi.o(.text)
    __semihosting_library_function           0x0800166f   Thumb Code     0  indicate_semi.o(.text)
    __rt_heap_descriptor                     0x08001671   Thumb Code     8  rt_heap_descriptor_intlibspace.o(.text)
    __use_no_heap                            0x08001679   Thumb Code     2  hguard.o(.text)
    __heap$guard                             0x0800167b   Thumb Code     2  hguard.o(.text)
    _terminate_user_alloc                    0x0800167d   Thumb Code     2  init_alloc.o(.text)
    _init_user_alloc                         0x0800167f   Thumb Code     2  init_alloc.o(.text)
    __Heap_Full                              0x08001681   Thumb Code    34  init_alloc.o(.text)
    __Heap_Broken                            0x080016a3   Thumb Code     6  init_alloc.o(.text)
    _init_alloc                              0x080016a9   Thumb Code    94  init_alloc.o(.text)
    malloc                                   0x08001707   Thumb Code    94  h1_alloc.o(.text)
    _fseek                                   0x08001765   Thumb Code   242  fseek.o(.text)
    fseek                                    0x08001765   Thumb Code     0  fseek.o(.text)
    _seterr                                  0x0800185d   Thumb Code    20  stdio.o(.text)
    _writebuf                                0x08001871   Thumb Code    84  stdio.o(.text)
    _fflush                                  0x080018c5   Thumb Code    70  stdio.o(.text)
    _deferredlazyseek                        0x0800190b   Thumb Code    60  stdio.o(.text)
    __sig_exit                               0x0800194d   Thumb Code    10  defsig_exit.o(.text)
    __rt_SIGFPE_inner                        0x08001959   Thumb Code    62  defsig_fpe_inner.o(.text)
    __rt_SIGRTRED_inner                      0x08001a05   Thumb Code    14  defsig_rtred_inner.o(.text)
    strlen                                   0x08001a39   Thumb Code    62  strlen.o(.text)
    _sys_exit                                0x08001a79   Thumb Code     8  sys_exit.o(.text)
    __Heap_Initialize                        0x08001a85   Thumb Code    10  h1_init.o(.text)
    __Heap_DescSize                          0x08001a8f   Thumb Code     4  h1_init.o(.text)
    __Heap_ProvideMemory                     0x08001a93   Thumb Code    52  h1_extend.o(.text)
    _ftell_internal                          0x08001ac7   Thumb Code    66  ftell.o(.text)
    ftell                                    0x08001ac7   Thumb Code     0  ftell.o(.text)
    __default_signal_display                 0x08001b09   Thumb Code    50  defsig_general.o(.text)
    __rt_SIGRTMEM                            0x08001b3b   Thumb Code    14  defsig_rtmem_outer.o(.text)
    _ttywrch                                 0x08001b49   Thumb Code    14  sys_wrch.o(.text)
    __rt_SIGRTMEM_inner                      0x08001b59   Thumb Code    22  defsig_rtmem_inner.o(.text)
    _btod_d2e                                0x08001ba9   Thumb Code    62  btod.o(CL$$btod_d2e)
    _d2e_denorm_low                          0x08001be7   Thumb Code    70  btod.o(CL$$btod_d2e_denorm_low)
    _d2e_norm_op1                            0x08001c2d   Thumb Code    96  btod.o(CL$$btod_d2e_norm_op1)
    __btod_div_common                        0x08001c8d   Thumb Code   696  btod.o(CL$$btod_div_common)
    _e2e                                     0x08001fc5   Thumb Code   198  btod.o(CL$$btod_e2e)
    _btod_ediv                               0x0800208b   Thumb Code    40  btod.o(CL$$btod_ediv)
    _btod_emul                               0x080020b3   Thumb Code    40  btod.o(CL$$btod_emul)
    __btod_mult_common                       0x080020db   Thumb Code   580  btod.o(CL$$btod_mult_common)
    __ARM_fpclassify                         0x0800231f   Thumb Code    48  fpclassify.o(i.__ARM_fpclassify)
    __hardfp_sqrt                            0x0800234f   Thumb Code   122  sqrt_full.o(i.__hardfp_sqrt)
    _get_lc_numeric                          0x080023c9   Thumb Code    44  lc_numeric_c.o(locale$$code)
    asm_math                                 0x080023f5   Thumb Code   138  assembly.o(text)
    __aeabi_d2f                              0x08002481   Thumb Code     0  d2f_clz.o(x$fpl$d2f)
    _d2f                                     0x08002481   Thumb Code   700  d2f_clz.o(x$fpl$d2f)
    __dflt_normalise                         0x08002745   Thumb Code    26  dflt_clz.o(x$fpl$dfltn)
    __fpl_dnaninf                            0x0800275f   Thumb Code   258  dnaninf.o(x$fpl$dnaninf)
    __fpl_drenorm2                           0x08002861   Thumb Code   106  drenorm_clz.o(x$fpl$drenorm)
    __fpl_drenorm1                           0x080028cb   Thumb Code     6  drenorm_clz.o(x$fpl$drenorm)
    __fpl_dretinf                            0x080028d1   Thumb Code    12  dretinf.o(x$fpl$dretinf)
    _dsqrt                                   0x080028dd   Thumb Code   520  dsqrt_umaalclz.o(x$fpl$dsqrt)
    __dunder                                 0x08002ae5   Thumb Code   314  dunder_clz.o(x$fpl$dunder)
    __dunder_d                               0x08002c1f   Thumb Code    64  dunder_clz.o(x$fpl$dunder)
    __fpl_exception                          0x08002c61   Thumb Code   454  except.o(x$fpl$exception)
    __aeabi_f2d                              0x08002e4d   Thumb Code     0  f2d.o(x$fpl$f2d)
    _f2d                                     0x08002e4d   Thumb Code   122  f2d.o(x$fpl$f2d)
    __fpl_fnaninf                            0x08002ec7   Thumb Code   242  fnaninf.o(x$fpl$fnaninf)
    _fp_init                                 0x08002fb9   Thumb Code    10  fpinit.o(x$fpl$fpinit)
    __fplib_config_fpu_vfp                   0x08002fc1   Thumb Code     0  fpinit.o(x$fpl$fpinit)
    __fplib_config_pureend_doubles           0x08002fc1   Thumb Code     0  fpinit.o(x$fpl$fpinit)
    __fpl_fretinf                            0x08002fc3   Thumb Code    10  fretinf.o(x$fpl$fretinf)
    __funder                                 0x08002fcd   Thumb Code   254  funder_clz.o(x$fpl$funder)
    __funder_d                               0x080030cb   Thumb Code    62  funder_clz.o(x$fpl$funder)
    __ieee_status                            0x08003109   Thumb Code    28  istatus.o(x$fpl$ieeestatus)
    _printf_fp_dec                           0x08003129   Thumb Code     4  printf1.o(x$fpl$printf1)
    __fpl_return_NaN                         0x0800312d   Thumb Code   178  retnan.o(x$fpl$retnan)
    _fp_trapveneer                           0x080031df   Thumb Code    36  trapv.o(x$fpl$trapveneer)
    __fpl_cmpreturn                          0x08003203   Thumb Code    90  trapv.o(x$fpl$trapveneer)
    AHBPrescTable                            0x0800325c   Data          16  system_stm32f4xx.o(.constdata)
    __I$use$fp                               0x0800325c   Number         0  usenofp.o(x$fpl$usenofp)
    APBPrescTable                            0x0800326c   Data           8  system_stm32f4xx.o(.constdata)
    __stdin_name                             0x08003308   Data           4  sys_io.o(.constdata)
    __stdout_name                            0x0800330c   Data           4  sys_io.o(.constdata)
    __stderr_name                            0x08003310   Data           4  sys_io.o(.constdata)
    Region$$Table$$Base                      0x08003314   Number         0  anon$$obj.o(Region$$Table)
    Region$$Table$$Limit                     0x08003334   Number         0  anon$$obj.o(Region$$Table)
    coeff                                    0x20000000   Data          20  main.o(.data)
    list                                     0x20000014   Data         400  main.o(.data)
    Output                                   0x200001a4   Data         400  main.o(.data)
    list_len                                 0x20000334   Data           4  main.o(.data)
    coeff_len                                0x20000338   Data           4  main.o(.data)
    SystemCoreClock                          0x2000033c   Data           4  system_stm32f4xx.o(.data)
    __aeabi_stdin                            0x20000340   Data           4  stdio_streams.o(.data)
    __aeabi_stdout                           0x20000344   Data           4  stdio_streams.o(.data)
    __aeabi_stderr                           0x20000348   Data           4  stdio_streams.o(.data)
    __stdin                                  0x2000034c   Data          84  stdio_streams.o(.bss)
    __stdout                                 0x200003a0   Data          84  stdio_streams.o(.bss)
    __stderr                                 0x200003f4   Data          84  stdio_streams.o(.bss)
    __libspace_start                         0x20000448   Data          96  libspace.o(.bss)
    __temporary_stack_top$libspace           0x200004a8   Data           0  libspace.o(.bss)



==============================================================================

Memory Map of the image

  Image Entry point : 0x08000555

  Load Region LR_1 (Base: 0x08000000, Size: 0x0000369c, Max: 0xffffffff, ABSOLUTE, COMPRESSED[0x000033b8])

    Execution Region ER_RO (Base: 0x08000000, Size: 0x00003350, Max: 0xffffffff, ABSOLUTE)

    Base Addr    Size         Type   Attr      Idx    E Section Name        Object

    0x08000000   0x00000188   Data   RO          107    RESET               startup_stm32f407xx.o
    0x08000188   0x00000008   Code   RO          285  * !!!main             c_w.l(__main.o)
    0x08000190   0x00000034   Code   RO          713    !!!scatter          c_w.l(__scatter.o)
    0x080001c4   0x0000005a   Code   RO          711    !!dczerorl2         c_w.l(__dczerorl2.o)
    0x0800021e   0x00000002   PAD
    0x08000220   0x0000001c   Code   RO          715    !!handler_zi        c_w.l(__scatter_zi.o)
    0x0800023c   0x00000000   Code   RO          282    .ARM.Collect$$_printf_percent$$00000000  c_w.l(_printf_percent.o)
    0x0800023c   0x00000006   Code   RO          281    .ARM.Collect$$_printf_percent$$00000003  c_w.l(_printf_f.o)
    0x08000242   0x00000006   Code   RO          280    .ARM.Collect$$_printf_percent$$00000009  c_w.l(_printf_d.o)
    0x08000248   0x00000004   Code   RO          314    .ARM.Collect$$_printf_percent$$00000017  c_w.l(_printf_percent_end.o)
    0x0800024c   0x00000002   Code   RO          527    .ARM.Collect$$libinit$$00000000  c_w.l(libinit.o)
    0x0800024e   0x00000004   Code   RO          528    .ARM.Collect$$libinit$$00000001  c_w.l(libinit2.o)
    0x08000252   0x00000000   Code   RO          531    .ARM.Collect$$libinit$$00000004  c_w.l(libinit2.o)
    0x08000252   0x00000008   Code   RO          532    .ARM.Collect$$libinit$$00000005  c_w.l(libinit2.o)
    0x0800025a   0x00000000   Code   RO          534    .ARM.Collect$$libinit$$0000000A  c_w.l(libinit2.o)
    0x0800025a   0x00000000   Code   RO          536    .ARM.Collect$$libinit$$0000000C  c_w.l(libinit2.o)
    0x0800025a   0x00000000   Code   RO          538    .ARM.Collect$$libinit$$0000000E  c_w.l(libinit2.o)
    0x0800025a   0x00000006   Code   RO          539    .ARM.Collect$$libinit$$0000000F  c_w.l(libinit2.o)
    0x08000260   0x00000000   Code   RO          541    .ARM.Collect$$libinit$$00000011  c_w.l(libinit2.o)
    0x08000260   0x00000000   Code   RO          543    .ARM.Collect$$libinit$$00000013  c_w.l(libinit2.o)
    0x08000260   0x00000000   Code   RO          545    .ARM.Collect$$libinit$$00000015  c_w.l(libinit2.o)
    0x08000260   0x0000000a   Code   RO          546    .ARM.Collect$$libinit$$00000016  c_w.l(libinit2.o)
    0x0800026a   0x00000000   Code   RO          547    .ARM.Collect$$libinit$$00000017  c_w.l(libinit2.o)
    0x0800026a   0x00000000   Code   RO          549    .ARM.Collect$$libinit$$00000019  c_w.l(libinit2.o)
    0x0800026a   0x00000000   Code   RO          551    .ARM.Collect$$libinit$$0000001B  c_w.l(libinit2.o)
    0x0800026a   0x00000000   Code   RO          553    .ARM.Collect$$libinit$$0000001D  c_w.l(libinit2.o)
    0x0800026a   0x00000000   Code   RO          555    .ARM.Collect$$libinit$$0000001F  c_w.l(libinit2.o)
    0x0800026a   0x00000000   Code   RO          557    .ARM.Collect$$libinit$$00000021  c_w.l(libinit2.o)
    0x0800026a   0x00000000   Code   RO          559    .ARM.Collect$$libinit$$00000023  c_w.l(libinit2.o)
    0x0800026a   0x00000004   Code   RO          560    .ARM.Collect$$libinit$$00000024  c_w.l(libinit2.o)
    0x0800026e   0x00000000   Code   RO          561    .ARM.Collect$$libinit$$00000025  c_w.l(libinit2.o)
    0x0800026e   0x00000000   Code   RO          565    .ARM.Collect$$libinit$$0000002C  c_w.l(libinit2.o)
    0x0800026e   0x00000000   Code   RO          567    .ARM.Collect$$libinit$$0000002E  c_w.l(libinit2.o)
    0x0800026e   0x00000000   Code   RO          569    .ARM.Collect$$libinit$$00000030  c_w.l(libinit2.o)
    0x0800026e   0x00000000   Code   RO          571    .ARM.Collect$$libinit$$00000032  c_w.l(libinit2.o)
    0x0800026e   0x00000002   Code   RO          572    .ARM.Collect$$libinit$$00000033  c_w.l(libinit2.o)
    0x08000270   0x00000002   Code   RO          692    .ARM.Collect$$libshutdown$$00000000  c_w.l(libshutdown.o)
    0x08000272   0x00000004   Code   RO          574    .ARM.Collect$$libshutdown$$00000002  c_w.l(libshutdown2.o)
    0x08000276   0x00000000   Code   RO          575    .ARM.Collect$$libshutdown$$00000003  c_w.l(libshutdown2.o)
    0x08000276   0x00000000   Code   RO          578    .ARM.Collect$$libshutdown$$00000006  c_w.l(libshutdown2.o)
    0x08000276   0x00000000   Code   RO          581    .ARM.Collect$$libshutdown$$00000009  c_w.l(libshutdown2.o)
    0x08000276   0x00000000   Code   RO          583    .ARM.Collect$$libshutdown$$0000000B  c_w.l(libshutdown2.o)
    0x08000276   0x00000000   Code   RO          586    .ARM.Collect$$libshutdown$$0000000E  c_w.l(libshutdown2.o)
    0x08000276   0x00000002   Code   RO          587    .ARM.Collect$$libshutdown$$0000000F  c_w.l(libshutdown2.o)
    0x08000278   0x00000000   Code   RO          305    .ARM.Collect$$rtentry$$00000000  c_w.l(__rtentry.o)
    0x08000278   0x00000000   Code   RO          347    .ARM.Collect$$rtentry$$00000002  c_w.l(__rtentry2.o)
    0x08000278   0x00000006   Code   RO          359    .ARM.Collect$$rtentry$$00000004  c_w.l(__rtentry4.o)
    0x0800027e   0x00000000   Code   RO          349    .ARM.Collect$$rtentry$$00000009  c_w.l(__rtentry2.o)
    0x0800027e   0x00000004   Code   RO          350    .ARM.Collect$$rtentry$$0000000A  c_w.l(__rtentry2.o)
    0x08000282   0x00000000   Code   RO          352    .ARM.Collect$$rtentry$$0000000C  c_w.l(__rtentry2.o)
    0x08000282   0x00000008   Code   RO          353    .ARM.Collect$$rtentry$$0000000D  c_w.l(__rtentry2.o)
    0x0800028a   0x00000002   Code   RO          591    .ARM.Collect$$rtexit$$00000000  c_w.l(rtexit.o)
    0x0800028c   0x00000000   Code   RO          643    .ARM.Collect$$rtexit$$00000002  c_w.l(rtexit2.o)
    0x0800028c   0x00000004   Code   RO          644    .ARM.Collect$$rtexit$$00000003  c_w.l(rtexit2.o)
    0x08000290   0x00000006   Code   RO          645    .ARM.Collect$$rtexit$$00000004  c_w.l(rtexit2.o)
    0x08000296   0x00000002   PAD
    0x08000298   0x00000000   Code   RO          649    .emb_text           c_w.l(maybetermalloc1.o)
    0x08000298   0x00000284   Code   RO            4    .text               main.o
    0x0800051c   0x00000038   Code   RO           70    .text               fput_debug.o
    0x08000554   0x00000040   Code   RO          108  * .text               startup_stm32f407xx.o
    0x08000594   0x00000120   Code   RO          115    .text               system_stm32f4xx.o
    0x080006b4   0x000000d8   Code   RO          150    .text               arm_cortexM4lf_math.lib(arm_max_f32.o)
    0x0800078c   0x000000d8   Code   RO          202    .text               arm_cortexM4lf_math.lib(arm_min_f32.o)
    0x08000864   0x000000ec   Code   RO          226    .text               arm_cortexM4lf_math.lib(arm_rms_f32.o)
    0x08000950   0x00000018   Code   RO          254    .text               c_w.l(noretval__2printf.o)
    0x08000968   0x00000068   Code   RO          256    .text               c_w.l(__printf.o)
    0x080009d0   0x00000078   Code   RO          258    .text               c_w.l(_printf_dec.o)
    0x08000a48   0x00000006   Code   RO          283    .text               c_w.l(heapauxi.o)
    0x08000a4e   0x00000016   Code   RO          306    .text               c_w.l(_rserrno.o)
    0x08000a64   0x000000b2   Code   RO          308    .text               c_w.l(_printf_intcommon.o)
    0x08000b16   0x0000041a   Code   RO          310    .text               c_w.l(_printf_fp_dec.o)
    0x08000f30   0x00000024   Code   RO          312    .text               c_w.l(_printf_char_file.o)
    0x08000f54   0x00000008   Code   RO          364    .text               c_w.l(rt_locale_intlibspace.o)
    0x08000f5c   0x00000008   Code   RO          369    .text               c_w.l(rt_errno_addr_intlibspace.o)
    0x08000f64   0x0000008a   Code   RO          371    .text               c_w.l(lludiv10.o)
    0x08000fee   0x00000002   PAD
    0x08000ff0   0x00000030   Code   RO          373    .text               c_w.l(_fptrap.o)
    0x08001020   0x00000030   Code   RO          375    .text               c_w.l(_printf_char_common.o)
    0x08001050   0x00000080   Code   RO          377    .text               c_w.l(_printf_fp_infnan.o)
    0x080010d0   0x000000dc   Code   RO          379    .text               c_w.l(bigflt0.o)
    0x080011ac   0x00000008   Code   RO          404    .text               c_w.l(ferror.o)
    0x080011b4   0x00000138   Code   RO          406    .text               c_w.l(initio.o)
    0x080012ec   0x00000066   Code   RO          427    .text               c_w.l(sys_io.o)
    0x08001352   0x00000002   PAD
    0x08001354   0x00000008   Code   RO          432    .text               c_w.l(libspace.o)
    0x0800135c   0x0000004a   Code   RO          437    .text               c_w.l(sys_stackheap_outer.o)
    0x080013a6   0x0000004e   Code   RO          441    .text               c_w.l(h1_free.o)
    0x080013f4   0x00000046   Code   RO          497    .text               c_w.l(setvbuf.o)
    0x0800143a   0x00000002   PAD
    0x0800143c   0x000000ec   Code   RO          500    .text               c_w.l(fopen.o)
    0x08001528   0x0000004c   Code   RO          502    .text               c_w.l(fclose.o)
    0x08001574   0x0000000c   Code   RO          508    .text               c_w.l(exit.o)
    0x08001580   0x0000000e   Code   RO          510    .text               c_w.l(defsig_fpe_outer.o)
    0x0800158e   0x0000000e   Code   RO          514    .text               c_w.l(defsig_rtred_outer.o)
    0x0800159c   0x0000004e   Code   RO          518    .text               c_w.l(rt_memclr_w.o)
    0x080015ea   0x00000002   PAD
    0x080015ec   0x00000080   Code   RO          520    .text               c_w.l(strcmpv7m.o)
    0x0800166c   0x00000002   Code   RO          588    .text               c_w.l(use_no_semi.o)
    0x0800166e   0x00000000   Code   RO          590    .text               c_w.l(indicate_semi.o)
    0x0800166e   0x00000002   PAD
    0x08001670   0x00000008   Code   RO          598    .text               c_w.l(rt_heap_descriptor_intlibspace.o)
    0x08001678   0x00000004   Code   RO          600    .text               c_w.l(hguard.o)
    0x0800167c   0x0000008a   Code   RO          602    .text               c_w.l(init_alloc.o)
    0x08001706   0x0000005e   Code   RO          608    .text               c_w.l(h1_alloc.o)
    0x08001764   0x000000f8   Code   RO          622    .text               c_w.l(fseek.o)
    0x0800185c   0x000000f0   Code   RO          624    .text               c_w.l(stdio.o)
    0x0800194c   0x0000000a   Code   RO          626    .text               c_w.l(defsig_exit.o)
    0x08001956   0x00000002   PAD
    0x08001958   0x000000ac   Code   RO          628    .text               c_w.l(defsig_fpe_inner.o)
    0x08001a04   0x00000034   Code   RO          630    .text               c_w.l(defsig_rtred_inner.o)
    0x08001a38   0x0000003e   Code   RO          632    .text               c_w.l(strlen.o)
    0x08001a76   0x00000002   PAD
    0x08001a78   0x0000000c   Code   RO          640    .text               c_w.l(sys_exit.o)
    0x08001a84   0x0000000e   Code   RO          651    .text               c_w.l(h1_init.o)
    0x08001a92   0x00000034   Code   RO          653    .text               c_w.l(h1_extend.o)
    0x08001ac6   0x00000042   Code   RO          659    .text               c_w.l(ftell.o)
    0x08001b08   0x00000032   Code   RO          663    .text               c_w.l(defsig_general.o)
    0x08001b3a   0x0000000e   Code   RO          665    .text               c_w.l(defsig_rtmem_outer.o)
    0x08001b48   0x0000000e   Code   RO          678    .text               c_w.l(sys_wrch.o)
    0x08001b56   0x00000002   PAD
    0x08001b58   0x00000050   Code   RO          686    .text               c_w.l(defsig_rtmem_inner.o)
    0x08001ba8   0x0000003e   Code   RO          382    CL$$btod_d2e        c_w.l(btod.o)
    0x08001be6   0x00000046   Code   RO          384    CL$$btod_d2e_denorm_low  c_w.l(btod.o)
    0x08001c2c   0x00000060   Code   RO          383    CL$$btod_d2e_norm_op1  c_w.l(btod.o)
    0x08001c8c   0x00000338   Code   RO          392    CL$$btod_div_common  c_w.l(btod.o)
    0x08001fc4   0x000000c6   Code   RO          389    CL$$btod_e2e        c_w.l(btod.o)
    0x0800208a   0x00000028   Code   RO          386    CL$$btod_ediv       c_w.l(btod.o)
    0x080020b2   0x00000028   Code   RO          385    CL$$btod_emul       c_w.l(btod.o)
    0x080020da   0x00000244   Code   RO          391    CL$$btod_mult_common  c_w.l(btod.o)
    0x0800231e   0x00000030   Code   RO          425    i.__ARM_fpclassify  m_wm.l(fpclassify.o)
    0x0800234e   0x0000007a   Code   RO          293    i.__hardfp_sqrt     m_wm.l(sqrt_full.o)
    0x080023c8   0x0000002c   Code   RO          413    locale$$code        c_w.l(lc_numeric_c.o)
    0x080023f4   0x0000008a   Code   RO           63    text                assembly.o
    0x0800247e   0x00000002   PAD
    0x08002480   0x000002c4   Code   RO          287    x$fpl$d2f           g_wm.l(d2f_clz.o)
    0x08002744   0x0000001a   Code   RO          323    x$fpl$dfltn         g_wm.l(dflt_clz.o)
    0x0800275e   0x00000102   Code   RO          329    x$fpl$dnaninf       g_wm.l(dnaninf.o)
    0x08002860   0x00000070   Code   RO          417    x$fpl$drenorm       g_wm.l(drenorm_clz.o)
    0x080028d0   0x0000000c   Code   RO          331    x$fpl$dretinf       g_wm.l(dretinf.o)
    0x080028dc   0x00000208   Code   RO          333    x$fpl$dsqrt         g_wm.l(dsqrt_umaalclz.o)
    0x08002ae4   0x0000017a   Code   RO          419    x$fpl$dunder        g_wm.l(dunder_clz.o)
    0x08002c5e   0x00000002   PAD
    0x08002c60   0x000001ec   Code   RO          335    x$fpl$exception     g_wm.l(except.o)
    0x08002e4c   0x0000007a   Code   RO          289    x$fpl$f2d           g_wm.l(f2d.o)
    0x08002ec6   0x000000f2   Code   RO          337    x$fpl$fnaninf       g_wm.l(fnaninf.o)
    0x08002fb8   0x0000000a   Code   RO          638    x$fpl$fpinit        g_wm.l(fpinit.o)
    0x08002fc2   0x0000000a   Code   RO          339    x$fpl$fretinf       g_wm.l(fretinf.o)
    0x08002fcc   0x0000013c   Code   RO          341    x$fpl$funder        g_wm.l(funder_clz.o)
    0x08003108   0x00000020   Code   RO          421    x$fpl$ieeestatus    g_wm.l(istatus.o)
    0x08003128   0x00000004   Code   RO          291    x$fpl$printf1       g_wm.l(printf1.o)
    0x0800312c   0x000000b2   Code   RO          423    x$fpl$retnan        g_wm.l(retnan.o)
    0x080031de   0x0000007e   Code   RO          343    x$fpl$trapveneer    g_wm.l(trapv.o)
    0x0800325c   0x00000000   Code   RO          345    x$fpl$usenofp       g_wm.l(usenofp.o)
    0x0800325c   0x00000018   Data   RO          116    .constdata          system_stm32f4xx.o
    0x08003274   0x00000094   Data   RO          380    .constdata          c_w.l(bigflt0.o)
    0x08003308   0x00000004   Data   RO          428    .constdata          c_w.l(sys_io.o)
    0x0800330c   0x00000004   Data   RO          429    .constdata          c_w.l(sys_io.o)
    0x08003310   0x00000004   Data   RO          430    .constdata          c_w.l(sys_io.o)
    0x08003314   0x00000020   Data   RO          709    Region$$Table       anon$$obj.o
    0x08003334   0x0000001c   Data   RO          412    locale$$data        c_w.l(lc_numeric_c.o)


    Execution Region ER_RW (Base: 0x20000000, Size: 0x0000034c, Max: 0xffffffff, ABSOLUTE, COMPRESSED[0x00000068])

    Base Addr    Size         Type   Attr      Idx    E Section Name        Object

    0x20000000   0x0000033c   Data   RW            5    .data               main.o
    0x2000033c   0x00000004   Data   RW          117    .data               system_stm32f4xx.o
    0x20000340   0x00000004   Data   RW          318    .data               c_w.l(stdio_streams.o)
    0x20000344   0x00000004   Data   RW          319    .data               c_w.l(stdio_streams.o)
    0x20000348   0x00000004   Data   RW          320    .data               c_w.l(stdio_streams.o)


    Execution Region ER_ZI (Base: 0x2000034c, Size: 0x0000075c, Max: 0xffffffff, ABSOLUTE)

    Base Addr    Size         Type   Attr      Idx    E Section Name        Object

    0x2000034c   0x00000054   Zero   RW          315    .bss                c_w.l(stdio_streams.o)
    0x200003a0   0x00000054   Zero   RW          316    .bss                c_w.l(stdio_streams.o)
    0x200003f4   0x00000054   Zero   RW          317    .bss                c_w.l(stdio_streams.o)
    0x20000448   0x00000060   Zero   RW          433    .bss                c_w.l(libspace.o)
    0x200004a8   0x00000200   Zero   RW          106    HEAP                startup_stm32f407xx.o
    0x200006a8   0x00000400   Zero   RW          105    STACK               startup_stm32f407xx.o


==============================================================================

Image component sizes


      Code (inc. data)   RO Data    RW Data    ZI Data      Debug   Object Name

       138          0          0          0          0        360   assembly.o
        56          4          0          0          0     273067   fput_debug.o
       644         84          0        828          0       8122   main.o
        64         26        392          0       1536        836   startup_stm32f407xx.o
       288         32         24          4          0       1637   system_stm32f4xx.o

    ----------------------------------------------------------------------
      1192        146        448        832       1536     284022   Object Totals
         0          0         32          0          0          0   (incl. Generated)
         2          0          0          0          0          0   (incl. Padding)

    ----------------------------------------------------------------------

      Code (inc. data)   RO Data    RW Data    ZI Data      Debug   Library Member Name

       216          0          0          0          0      18098   arm_max_f32.o
       216          0          0          0          0       1706   arm_min_f32.o
       236          4          0          0          0      14582   arm_rms_f32.o
        90          0          0          0          0          0   __dczerorl2.o
         8          0          0          0          0         68   __main.o
       104          0          0          0          0         84   __printf.o
         0          0          0          0          0          0   __rtentry.o
        12          0          0          0          0          0   __rtentry2.o
         6          0          0          0          0          0   __rtentry4.o
        52          8          0          0          0          0   __scatter.o
        28          0          0          0          0          0   __scatter_zi.o
        48          4          0          0          0         84   _fptrap.o
        48          6          0          0          0         96   _printf_char_common.o
        36          4          0          0          0         80   _printf_char_file.o
         6          0          0          0          0          0   _printf_d.o
       120         16          0          0          0         92   _printf_dec.o
         6          0          0          0          0          0   _printf_f.o
      1050          0          0          0          0        216   _printf_fp_dec.o
       128         16          0          0          0         84   _printf_fp_infnan.o
       178          0          0          0          0         88   _printf_intcommon.o
         0          0          0          0          0          0   _printf_percent.o
         4          0          0          0          0          0   _printf_percent_end.o
        22          0          0          0          0        100   _rserrno.o
       220          4        148          0          0         96   bigflt0.o
      1910        128          0          0          0        672   btod.o
        10          0          0          0          0         68   defsig_exit.o
       172        110          0          0          0         76   defsig_fpe_inner.o
        14          0          0          0          0         80   defsig_fpe_outer.o
        50          0          0          0          0         88   defsig_general.o
        80         58          0          0          0         76   defsig_rtmem_inner.o
        14          0          0          0          0         80   defsig_rtmem_outer.o
        52         38          0          0          0         76   defsig_rtred_inner.o
        14          0          0          0          0         80   defsig_rtred_outer.o
        12          0          0          0          0         72   exit.o
        76          0          0          0          0         88   fclose.o
         8          0          0          0          0         68   ferror.o
       236          4          0          0          0        128   fopen.o
       248          6          0          0          0         84   fseek.o
        66          0          0          0          0         76   ftell.o
        94          0          0          0          0         80   h1_alloc.o
        52          0          0          0          0         68   h1_extend.o
        78          0          0          0          0         80   h1_free.o
        14          0          0          0          0         84   h1_init.o
         6          0          0          0          0        152   heapauxi.o
         4          0          0          0          0        136   hguard.o
         0          0          0          0          0          0   indicate_semi.o
       138          0          0          0          0        168   init_alloc.o
       312         46          0          0          0        112   initio.o
        44         10         28          0          0         76   lc_numeric_c.o
         2          0          0          0          0          0   libinit.o
        34          0          0          0          0          0   libinit2.o
         2          0          0          0          0          0   libshutdown.o
         6          0          0          0          0          0   libshutdown2.o
         8          4          0          0         96         68   libspace.o
       138          0          0          0          0         80   lludiv10.o
         0          0          0          0          0          0   maybetermalloc1.o
        24          4          0          0          0         84   noretval__2printf.o
         8          4          0          0          0         68   rt_errno_addr_intlibspace.o
         8          4          0          0          0         68   rt_heap_descriptor_intlibspace.o
         8          4          0          0          0         68   rt_locale_intlibspace.o
        78          0          0          0          0         80   rt_memclr_w.o
         2          0          0          0          0          0   rtexit.o
        10          0          0          0          0          0   rtexit2.o
        70          0          0          0          0         80   setvbuf.o
       240          6          0          0          0        156   stdio.o
         0          0          0         12        252          0   stdio_streams.o
       128          0          0          0          0         68   strcmpv7m.o
        62          0          0          0          0         76   strlen.o
        12          4          0          0          0         68   sys_exit.o
       102          0         12          0          0        240   sys_io.o
        74          0          0          0          0         80   sys_stackheap_outer.o
        14          0          0          0          0         76   sys_wrch.o
         2          0          0          0          0         68   use_no_semi.o
       708         16          0          0          0        140   d2f_clz.o
        26          0          0          0          0        116   dflt_clz.o
       258          4          0          0          0        156   dnaninf.o
       112          0          0          0          0        160   drenorm_clz.o
        12          0          0          0          0        116   dretinf.o
       520         56          0          0          0        180   dsqrt_umaalclz.o
       378          0          0          0          0        168   dunder_clz.o
       492         36          0          0          0        148   except.o
       122          8          0          0          0        132   f2d.o
       242          4          0          0          0        144   fnaninf.o
        10          0          0          0          0        116   fpinit.o
        10          0          0          0          0        116   fretinf.o
       316          0          0          0          0        132   funder_clz.o
        32          4          0          0          0        116   istatus.o
         4          0          0          0          0        116   printf1.o
       178          0          0          0          0        116   retnan.o
       126          0          0          0          0        148   trapv.o
         0          0          0          0          0          0   usenofp.o
        48          0          0          0          0        124   fpclassify.o
       122          0          0          0          0        148   sqrt_full.o

    ----------------------------------------------------------------------
     11308        620        188         12        348      42262   Library Totals
        22          0          0          0          0          0   (incl. Padding)

    ----------------------------------------------------------------------

      Code (inc. data)   RO Data    RW Data    ZI Data      Debug   Library Name

       668          4          0          0          0      34386   arm_cortexM4lf_math.lib
      6902        488        188         12        348       5284   c_w.l
      3546        128          0          0          0       2320   g_wm.l
       170          0          0          0          0        272   m_wm.l

    ----------------------------------------------------------------------
     11308        620        188         12        348      42262   Library Totals

    ----------------------------------------------------------------------

==============================================================================


      Code (inc. data)   RO Data    RW Data    ZI Data      Debug   

     12500        766        636        844       1884     321072   Grand Totals
     12500        766        636        104       1884     321072   ELF Image Totals (compressed)
     12500        766        636        104          0          0   ROM Totals

==============================================================================

    Total RO  Size (Code + RO Data)                13136 (  12.83kB)
    Total RW  Size (RW Data + ZI Data)              2728 (   2.66kB)
    Total ROM Size (Code + RO Data + RW Data)      13240 (  12.93kB)

==============================================================================

