<html>
<body>
<pre>
<h1>µVision Build Log</h1>
<h2>Tool Versions:</h2>
IDE-Version: µVision V5.15
Copyright (C) 2015 ARM Ltd and ARM Germany GmbH. All rights reserved.
License Information: ECE IT McGill McGill University Flex license: MDK-ARM Professional: 100 user(s) (mdk_pro) Operation stops: 27 Aug 2018
 
Tool Versions:
Toolchain:       MDK-ARM Professional: 100 user(s)  Version: 5.15.0
Toolchain Path:  C:\Keil_v5\ARM\ARMCC\Bin
C Compiler:      Armcc.exe V5.05 update 2 (build 169)
Assembler:       Armasm.exe V5.05 update 2 (build 169)
Linker/Locator:  ArmLink.exe V5.05 update 2 (build 169)
Library Manager: ArmAr.exe V5.05 update 2 (build 169)
Hex Converter:   FromElf.exe V5.05 update 2 (build 169)
CPU DLL:         SARMCM3.DLL V5.15.0
Dialog DLL:      DCM.DLL V1.13.2.0
Target DLL:      STLink\ST-LINKIII-KEIL_SWO.dll V2.0.15.0_KEIL
Dialog DLL:      TCM.DLL V1.14.5.0
 
<h2>Project:</h2>
I:\LAB2\MDK-ARM\LAB2.uvprojx
Project File Date:  02/16/2017

<h2>Output:</h2>
*** Using Compiler 'V5.05 update 2 (build 169)', folder: 'C:\Keil_v5\ARM\ARMCC\Bin'
Build target 'LAB2_Configuration'
compiling stm32f4xx_hal_adc.c...
compiling stm32f4xx_hal_cortex.c...
compiling stm32f4xx_hal_adc_ex.c...
compiling stm32f4xx_hal_rcc_ex.c...
compiling stm32f4xx_hal_dma_ex.c...
compiling stm32f4xx_hal.c...
compiling stm32f4xx_hal_flash.c...
compiling stm32f4xx_hal_flash_ex.c...
compiling stm32f4xx_hal_pwr_ex.c...
compiling stm32f4xx_hal_dma.c...
compiling stm32f4xx_hal_pwr.c...
compiling stm32f4xx_hal_gpio.c...
compiling stm32f4xx_hal_rcc.c...
compiling stm32f4xx_hal_flash_ramfunc.c...
compiling main.c...
compiling stm32f4xx_hal_msp.c...
compiling stm32f4xx_it.c...
compiling adc.c...
../Src/adc.c(67): warning:  #188-D: enumerated type mixed with another type
        ADC1_Handle.State = 0;
../Src/adc.c(90): warning:  #1035-D: single-precision operand implicitly converted to double-precision
        return (voltage*3.0)/4096.0; 
../Src/adc.c: 2 warnings, 0 errors
compiling gpio.c...
../Src/gpio.c(296): warning:  #546-D: transfer of control bypasses initialization of:
            variable "nextState" (declared at line 337)
            variable "currentState" (declared at line 340)
        switch(digit){
        ^
../Src/gpio.c: 1 warning, 0 errors
compiling fput_debug.c...
compiling system_stm32f4xx.c...
assembling startup_stm32f407xx.s...
linking...
Program Size: Code=11400 RO-data=460 RW-data=16 ZI-data=1096  
"LAB2 Configuration/\.axf" - 0 Error(s), 3 Warning(s).

<h2>Software Packages used:</h2>

Package Vendor: ARM
                http://www.keil.com/pack/ARM.CMSIS.5.0.1.pack
                ARM::CMSIS:CORE:5.0.1
                CMSIS (Cortex Microcontroller Software Interface Standard)
   * Component: CORE Version: 5.0.1

<h2>Collection of Component include folders:</h2>
  I:\LAB2\MDK-ARM\RTE
  C:\Keil_v5\ARM\PACK\ARM\CMSIS\5.0.1\CMSIS\Include
  C:\Keil_v5\ARM\PACK\Keil\STM32F4xx_DFP\2.11.0\Drivers\CMSIS\Device\ST\STM32F4xx\Include

<h2>Collection of Component Files used:</h2>

   * Component: ARM::CMSIS:CORE:5.0.1
</pre>
</body>
</html>
