


ARM Macro Assembler    Page 1 


    1 00000000                 AREA             text, CODE, READONLY
    2 00000000                 EXPORT           asm_math
    3 00000000         
    4 00000000         ; function asm_math
    5 00000000         ; inputs:
    6 00000000         ; -------
    7 00000000         ; R0: input
    8 00000000         ; R1: output array
    9 00000000         ; R2: input array length
   10 00000000         ; 
   11 00000000         ; outputs:
   12 00000000         ; -------
   13 00000000         ; R1: output
   14 00000000         
   15 00000000         
   16 00000000         
   17 00000000         Example_asm
   18 00000000         
   19 00000000 4606            MOV              R6, R0
   20 00000002 4770            BX               LR
   21 00000004         
   22 00000004         END
   23 00000004         
   24 00000004         
                       
Command Line: --debug --xref --diag_suppress=9931 --cpu=Cortex-M4.fp --apcs=int
erwork --depend=.\objects\asm_math.d -o.\objects\asm_math.o -IP:\ECSE426\LAB1\R
TE -IC:\Keil_v5\ARM\PACK\ARM\CMSIS\5.0.0-Beta4\CMSIS\Include -IC:\Keil_v5\ARM\P
ACK\Keil\STM32F4xx_DFP\2.7.0\Drivers\CMSIS\Device\ST\STM32F4xx\Include -IC:\Kei
l_v5\ARM\PACK\Keil\STM32F4xx_DFP\2.11.0\Drivers\CMSIS\Device\ST\STM32F4xx\Inclu
de --predefine="__UVISION_VERSION SETA 515" --predefine="_RTE_ SETA 1" --predef
ine="STM32F407xx SETA 1" --list=.\listings\asm_math.lst asm_math.s
